// Vitest Snapshot v1, https://vitest.dev/guide/snapshot.html

exports[`YearRangePickerCalendar > should render component 1`] = `
<div>
  <div
    class="calendarStyle__SinglePickerCalendarWrapper-sc-1gbkw52-0 bPRODt"
  >
    <div
      class="RangeYearsNavigationPanelWidget__RangeYearsNavigationPanelWrapper-sc-112p81u-0 ilIbdC"
    >
      <button
        class="IconPlacementButton-sc-4rioii iemlVZ"
        data-panel-target-type="left"
        type="button"
      >
        <div
          aria-hidden="true"
          class="ActivityHighlighter-sc-d3bk3z aCReS"
        />
        <div
          aria-hidden="true"
          class="IconPlacementContent-sc-8zl0l9 hDZPRr"
        >
          <svg
            fill="none"
            focusable="false"
            viewBox="0 0 24 24"
            xmlns="http://www.w3.org/2000/svg"
          >
            <path
              d="M14.5082 18.7543C14.6882 18.7543 14.8582 18.6843 14.9882 18.5443C15.2282 18.2743 15.2082 17.8643 14.9482 17.6243L8.57906 11.884L14.9882 6.33399C15.2582 6.09399 15.2682 5.68398 15.0282 5.41398C14.7882 5.15399 14.3782 5.13399 14.1082 5.37399L7.20906 11.364C6.89906 11.644 6.89906 12.124 7.20906 12.404L14.0682 18.5843C14.1982 18.7043 14.3482 18.7543 14.5082 18.7543Z"
              fill="#74767B"
            />
          </svg>
        </div>
      </button>
      <div
        class="RangeYearsNavigationPanelWidget__YearsWrapper-sc-112p81u-1 ggXaGt"
      >
        2021–2040
      </div>
      <button
        class="IconPlacementButton-sc-4rioii iemlVZ"
        data-panel-target-type="right"
        type="button"
      >
        <div
          aria-hidden="true"
          class="ActivityHighlighter-sc-d3bk3z aCReS"
        />
        <div
          aria-hidden="true"
          class="IconPlacementContent-sc-8zl0l9 hDZPRr"
        >
          <svg
            fill="none"
            focusable="false"
            viewBox="0 0 24 24"
            xmlns="http://www.w3.org/2000/svg"
          >
            <path
              d="M9.47396 18.7543C9.29396 18.7543 9.12396 18.6843 8.99396 18.5443C8.75396 18.2743 8.77396 17.8643 9.03396 17.6243L15.4031 11.884L8.99394 6.33399C8.72394 6.09399 8.71394 5.68398 8.95394 5.41398C9.19394 5.15399 9.60394 5.13399 9.87394 5.37398L16.7731 11.364C17.0831 11.644 17.0831 12.124 16.7731 12.404L9.91396 18.5843C9.78396 18.7043 9.63396 18.7543 9.47396 18.7543Z"
              fill="#74767B"
            />
          </svg>
        </div>
      </button>
    </div>
    <div
      class="calendarStyle__CalendarContainer-sc-1gbkw52-3 jxZoIP"
    >
      <div
        class="YearsWidget__YearsWidgetContainer-sc-zvbih0-0 gRAAbH calendarStyle__YearRangeCalendarView-sc-1gbkw52-6 bwcJyg"
        data-container-type="yearsWidgetContainer"
      >
        <div
          class="DefaultCell__CellContainer-sc-e57mvj-0 cJJMLB"
          data-cell-type="yearCell"
          data-is-start-of-week-cell="true"
          data-value="Fri, 01 Jan 2021 09:00:00 GMT"
        >
          <div
            class="DefaultCell__LeftHalf-sc-e57mvj-1 eLDTNy"
          />
          <div
            class="DefaultCell__RightHalf-sc-e57mvj-2 gZruMH"
          />
          <div
            class="DefaultCell__Cell-sc-e57mvj-3 iTbxRQ"
          >
            2021
          </div>
        </div>
        <div
          class="DefaultCell__CellContainer-sc-e57mvj-0 cJJMLB"
          data-cell-type="yearCell"
          data-value="Sat, 01 Jan 2022 09:00:00 GMT"
        >
          <div
            class="DefaultCell__LeftHalf-sc-e57mvj-1 brmOVU"
          />
          <div
            class="DefaultCell__RightHalf-sc-e57mvj-2 gZruMH"
          />
          <div
            class="DefaultCell__Cell-sc-e57mvj-3 iTbxRQ"
          >
            2022
          </div>
        </div>
        <div
          class="DefaultCell__CellContainer-sc-e57mvj-0 cJJMLB"
          data-cell-type="yearCell"
          data-value="Sun, 01 Jan 2023 09:00:00 GMT"
        >
          <div
            class="DefaultCell__LeftHalf-sc-e57mvj-1 brmOVU"
          />
          <div
            class="DefaultCell__RightHalf-sc-e57mvj-2 gZruMH"
          />
          <div
            class="DefaultCell__Cell-sc-e57mvj-3 iTbxRQ"
          >
            2023
          </div>
        </div>
        <div
          class="DefaultCell__CellContainer-sc-e57mvj-0 cJJMLB"
          data-cell-type="yearCell"
          data-is-end-of-week-cell="true"
          data-value="Mon, 01 Jan 2024 09:00:00 GMT"
        >
          <div
            class="DefaultCell__LeftHalf-sc-e57mvj-1 brmOVU"
          />
          <div
            class="DefaultCell__RightHalf-sc-e57mvj-2 eFBRwp"
          />
          <div
            class="DefaultCell__Cell-sc-e57mvj-3 iTbxRQ"
          >
            2024
          </div>
        </div>
        <div
          class="DefaultCell__CellContainer-sc-e57mvj-0 cJJMLB"
          data-cell-type="yearCell"
          data-is-current-day-cell="true"
          data-is-start-of-week-cell="true"
          data-value="Wed, 01 Jan 2025 09:00:00 GMT"
        >
          <div
            class="DefaultCell__LeftHalf-sc-e57mvj-1 eLDTNy"
          />
          <div
            class="DefaultCell__RightHalf-sc-e57mvj-2 gZruMH"
          />
          <div
            class="DefaultCell__Cell-sc-e57mvj-3 hnsilf"
          >
            2025
          </div>
        </div>
        <div
          class="DefaultCell__CellContainer-sc-e57mvj-0 cJJMLB"
          data-cell-type="yearCell"
          data-value="Thu, 01 Jan 2026 09:00:00 GMT"
        >
          <div
            class="DefaultCell__LeftHalf-sc-e57mvj-1 brmOVU"
          />
          <div
            class="DefaultCell__RightHalf-sc-e57mvj-2 gZruMH"
          />
          <div
            class="DefaultCell__Cell-sc-e57mvj-3 iTbxRQ"
          >
            2026
          </div>
        </div>
        <div
          class="DefaultCell__CellContainer-sc-e57mvj-0 cJJMLB"
          data-cell-type="yearCell"
          data-value="Fri, 01 Jan 2027 09:00:00 GMT"
        >
          <div
            class="DefaultCell__LeftHalf-sc-e57mvj-1 brmOVU"
          />
          <div
            class="DefaultCell__RightHalf-sc-e57mvj-2 gZruMH"
          />
          <div
            class="DefaultCell__Cell-sc-e57mvj-3 iTbxRQ"
          >
            2027
          </div>
        </div>
        <div
          class="DefaultCell__CellContainer-sc-e57mvj-0 cJJMLB"
          data-cell-type="yearCell"
          data-is-end-of-week-cell="true"
          data-value="Sat, 01 Jan 2028 09:00:00 GMT"
        >
          <div
            class="DefaultCell__LeftHalf-sc-e57mvj-1 brmOVU"
          />
          <div
            class="DefaultCell__RightHalf-sc-e57mvj-2 eFBRwp"
          />
          <div
            class="DefaultCell__Cell-sc-e57mvj-3 iTbxRQ"
          >
            2028
          </div>
        </div>
        <div
          class="DefaultCell__CellContainer-sc-e57mvj-0 cJJMLB"
          data-cell-type="yearCell"
          data-is-start-of-week-cell="true"
          data-value="Mon, 01 Jan 2029 09:00:00 GMT"
        >
          <div
            class="DefaultCell__LeftHalf-sc-e57mvj-1 eLDTNy"
          />
          <div
            class="DefaultCell__RightHalf-sc-e57mvj-2 gZruMH"
          />
          <div
            class="DefaultCell__Cell-sc-e57mvj-3 iTbxRQ"
          >
            2029
          </div>
        </div>
        <div
          class="DefaultCell__CellContainer-sc-e57mvj-0 cJJMLB"
          data-cell-type="yearCell"
          data-value="Tue, 01 Jan 2030 09:00:00 GMT"
        >
          <div
            class="DefaultCell__LeftHalf-sc-e57mvj-1 brmOVU"
          />
          <div
            class="DefaultCell__RightHalf-sc-e57mvj-2 gZruMH"
          />
          <div
            class="DefaultCell__Cell-sc-e57mvj-3 iTbxRQ"
          >
            2030
          </div>
        </div>
        <div
          class="DefaultCell__CellContainer-sc-e57mvj-0 cJJMLB"
          data-cell-type="yearCell"
          data-value="Wed, 01 Jan 2031 09:00:00 GMT"
        >
          <div
            class="DefaultCell__LeftHalf-sc-e57mvj-1 brmOVU"
          />
          <div
            class="DefaultCell__RightHalf-sc-e57mvj-2 gZruMH"
          />
          <div
            class="DefaultCell__Cell-sc-e57mvj-3 iTbxRQ"
          >
            2031
          </div>
        </div>
        <div
          class="DefaultCell__CellContainer-sc-e57mvj-0 cJJMLB"
          data-cell-type="yearCell"
          data-is-end-of-week-cell="true"
          data-value="Thu, 01 Jan 2032 09:00:00 GMT"
        >
          <div
            class="DefaultCell__LeftHalf-sc-e57mvj-1 brmOVU"
          />
          <div
            class="DefaultCell__RightHalf-sc-e57mvj-2 eFBRwp"
          />
          <div
            class="DefaultCell__Cell-sc-e57mvj-3 iTbxRQ"
          >
            2032
          </div>
        </div>
        <div
          class="DefaultCell__CellContainer-sc-e57mvj-0 cJJMLB"
          data-cell-type="yearCell"
          data-is-start-of-week-cell="true"
          data-value="Sat, 01 Jan 2033 09:00:00 GMT"
        >
          <div
            class="DefaultCell__LeftHalf-sc-e57mvj-1 eLDTNy"
          />
          <div
            class="DefaultCell__RightHalf-sc-e57mvj-2 gZruMH"
          />
          <div
            class="DefaultCell__Cell-sc-e57mvj-3 iTbxRQ"
          >
            2033
          </div>
        </div>
        <div
          class="DefaultCell__CellContainer-sc-e57mvj-0 cJJMLB"
          data-cell-type="yearCell"
          data-value="Sun, 01 Jan 2034 09:00:00 GMT"
        >
          <div
            class="DefaultCell__LeftHalf-sc-e57mvj-1 brmOVU"
          />
          <div
            class="DefaultCell__RightHalf-sc-e57mvj-2 gZruMH"
          />
          <div
            class="DefaultCell__Cell-sc-e57mvj-3 iTbxRQ"
          >
            2034
          </div>
        </div>
        <div
          class="DefaultCell__CellContainer-sc-e57mvj-0 cJJMLB"
          data-cell-type="yearCell"
          data-value="Mon, 01 Jan 2035 09:00:00 GMT"
        >
          <div
            class="DefaultCell__LeftHalf-sc-e57mvj-1 brmOVU"
          />
          <div
            class="DefaultCell__RightHalf-sc-e57mvj-2 gZruMH"
          />
          <div
            class="DefaultCell__Cell-sc-e57mvj-3 iTbxRQ"
          >
            2035
          </div>
        </div>
        <div
          class="DefaultCell__CellContainer-sc-e57mvj-0 cJJMLB"
          data-cell-type="yearCell"
          data-is-end-of-week-cell="true"
          data-value="Tue, 01 Jan 2036 09:00:00 GMT"
        >
          <div
            class="DefaultCell__LeftHalf-sc-e57mvj-1 brmOVU"
          />
          <div
            class="DefaultCell__RightHalf-sc-e57mvj-2 eFBRwp"
          />
          <div
            class="DefaultCell__Cell-sc-e57mvj-3 iTbxRQ"
          >
            2036
          </div>
        </div>
        <div
          class="DefaultCell__CellContainer-sc-e57mvj-0 cJJMLB"
          data-cell-type="yearCell"
          data-is-start-of-week-cell="true"
          data-value="Thu, 01 Jan 2037 09:00:00 GMT"
        >
          <div
            class="DefaultCell__LeftHalf-sc-e57mvj-1 eLDTNy"
          />
          <div
            class="DefaultCell__RightHalf-sc-e57mvj-2 gZruMH"
          />
          <div
            class="DefaultCell__Cell-sc-e57mvj-3 iTbxRQ"
          >
            2037
          </div>
        </div>
        <div
          class="DefaultCell__CellContainer-sc-e57mvj-0 cJJMLB"
          data-cell-type="yearCell"
          data-value="Fri, 01 Jan 2038 09:00:00 GMT"
        >
          <div
            class="DefaultCell__LeftHalf-sc-e57mvj-1 brmOVU"
          />
          <div
            class="DefaultCell__RightHalf-sc-e57mvj-2 gZruMH"
          />
          <div
            class="DefaultCell__Cell-sc-e57mvj-3 iTbxRQ"
          >
            2038
          </div>
        </div>
        <div
          class="DefaultCell__CellContainer-sc-e57mvj-0 cJJMLB"
          data-cell-type="yearCell"
          data-value="Sat, 01 Jan 2039 09:00:00 GMT"
        >
          <div
            class="DefaultCell__LeftHalf-sc-e57mvj-1 brmOVU"
          />
          <div
            class="DefaultCell__RightHalf-sc-e57mvj-2 gZruMH"
          />
          <div
            class="DefaultCell__Cell-sc-e57mvj-3 iTbxRQ"
          >
            2039
          </div>
        </div>
        <div
          class="DefaultCell__CellContainer-sc-e57mvj-0 cJJMLB"
          data-cell-type="yearCell"
          data-is-end-of-week-cell="true"
          data-value="Sun, 01 Jan 2040 09:00:00 GMT"
        >
          <div
            class="DefaultCell__LeftHalf-sc-e57mvj-1 brmOVU"
          />
          <div
            class="DefaultCell__RightHalf-sc-e57mvj-2 eFBRwp"
          />
          <div
            class="DefaultCell__Cell-sc-e57mvj-3 iTbxRQ"
          >
            2040
          </div>
        </div>
      </div>
    </div>
  </div>
</div>
`;
