// Vitest Snapshot v1, https://vitest.dev/guide/snapshot.html

exports[`MonthPickerCalendar > should render component 1`] = `
<div>
  <div
    class="calendarStyle__SinglePickerCalendarWrapper-sc-1gbkw52-0 bPRODt"
  >
    <div
      class="YearNavigationPanelWidget__YearNavigationPanelWrapper-sc-12zih22-0 fOBsls"
    >
      <button
        class="IconPlacementButton-sc-4rioii iemlVZ"
        data-panel-target-type="left"
        type="button"
      >
        <div
          aria-hidden="true"
          class="ActivityHighlighter-sc-d3bk3z aCReS"
        />
        <div
          aria-hidden="true"
          class="IconPlacementContent-sc-8zl0l9 hDZPRr"
        >
          <svg
            fill="none"
            focusable="false"
            viewBox="0 0 24 24"
            xmlns="http://www.w3.org/2000/svg"
          >
            <path
              d="M14.5082 18.7543C14.6882 18.7543 14.8582 18.6843 14.9882 18.5443C15.2282 18.2743 15.2082 17.8643 14.9482 17.6243L8.57906 11.884L14.9882 6.33399C15.2582 6.09399 15.2682 5.68398 15.0282 5.41398C14.7882 5.15399 14.3782 5.13399 14.1082 5.37399L7.20906 11.364C6.89906 11.644 6.89906 12.124 7.20906 12.404L14.0682 18.5843C14.1982 18.7043 14.3482 18.7543 14.5082 18.7543Z"
              fill="#74767B"
            />
          </svg>
        </div>
      </button>
      <div
        class="YearNavigationPanelWidget__TextWrapper-sc-12zih22-1 cfsBqd"
        data-panel-target-type="year"
      >
        2025
      </div>
      <button
        class="IconPlacementButton-sc-4rioii iemlVZ"
        data-panel-target-type="right"
        type="button"
      >
        <div
          aria-hidden="true"
          class="ActivityHighlighter-sc-d3bk3z aCReS"
        />
        <div
          aria-hidden="true"
          class="IconPlacementContent-sc-8zl0l9 hDZPRr"
        >
          <svg
            fill="none"
            focusable="false"
            viewBox="0 0 24 24"
            xmlns="http://www.w3.org/2000/svg"
          >
            <path
              d="M9.47396 18.7543C9.29396 18.7543 9.12396 18.6843 8.99396 18.5443C8.75396 18.2743 8.77396 17.8643 9.03396 17.6243L15.4031 11.884L8.99394 6.33399C8.72394 6.09399 8.71394 5.68398 8.95394 5.41398C9.19394 5.15399 9.60394 5.13399 9.87394 5.37398L16.7731 11.364C17.0831 11.644 17.0831 12.124 16.7731 12.404L9.91396 18.5843C9.78396 18.7043 9.63396 18.7543 9.47396 18.7543Z"
              fill="#74767B"
            />
          </svg>
        </div>
      </button>
    </div>
    <div
      class="calendarStyle__CalendarContainer-sc-1gbkw52-3 jxZoIP"
    >
      <div
        class="MonthsWidget__MonthsWidgetContainer-sc-44y8f3-0 hCZjxk"
        data-container-type="monthsWidgetContainer"
      >
        <div
          class="DefaultCell__CellContainer-sc-e57mvj-0 HTZzX"
          data-cell-type="monthCell"
          data-value="Wed, 01 Jan 2025 09:00:00 GMT"
        >
          <div
            class="DefaultCell__LeftHalf-sc-e57mvj-1 brmOVU"
          />
          <div
            class="DefaultCell__RightHalf-sc-e57mvj-2 gZruMH"
          />
          <div
            class="DefaultCell__Cell-sc-e57mvj-3 iTbxRQ"
          >
            Январь
          </div>
        </div>
        <div
          class="DefaultCell__CellContainer-sc-e57mvj-0 HTZzX"
          data-cell-type="monthCell"
          data-value="Sat, 01 Feb 2025 09:00:00 GMT"
        >
          <div
            class="DefaultCell__LeftHalf-sc-e57mvj-1 brmOVU"
          />
          <div
            class="DefaultCell__RightHalf-sc-e57mvj-2 gZruMH"
          />
          <div
            class="DefaultCell__Cell-sc-e57mvj-3 iTbxRQ"
          >
            Февраль
          </div>
        </div>
        <div
          class="DefaultCell__CellContainer-sc-e57mvj-0 HTZzX"
          data-cell-type="monthCell"
          data-value="Sat, 01 Mar 2025 09:00:00 GMT"
        >
          <div
            class="DefaultCell__LeftHalf-sc-e57mvj-1 brmOVU"
          />
          <div
            class="DefaultCell__RightHalf-sc-e57mvj-2 gZruMH"
          />
          <div
            class="DefaultCell__Cell-sc-e57mvj-3 iTbxRQ"
          >
            Март
          </div>
        </div>
        <div
          class="DefaultCell__CellContainer-sc-e57mvj-0 HTZzX"
          data-cell-type="monthCell"
          data-is-current-month="true"
          data-value="Tue, 01 Apr 2025 09:00:00 GMT"
        >
          <div
            class="DefaultCell__LeftHalf-sc-e57mvj-1 brmOVU"
          />
          <div
            class="DefaultCell__RightHalf-sc-e57mvj-2 gZruMH"
          />
          <div
            class="DefaultCell__Cell-sc-e57mvj-3 hnsilf"
          >
            Апрель
          </div>
        </div>
        <div
          class="DefaultCell__CellContainer-sc-e57mvj-0 HTZzX"
          data-cell-type="monthCell"
          data-value="Thu, 01 May 2025 09:00:00 GMT"
        >
          <div
            class="DefaultCell__LeftHalf-sc-e57mvj-1 brmOVU"
          />
          <div
            class="DefaultCell__RightHalf-sc-e57mvj-2 gZruMH"
          />
          <div
            class="DefaultCell__Cell-sc-e57mvj-3 iTbxRQ"
          >
            Май
          </div>
        </div>
        <div
          class="DefaultCell__CellContainer-sc-e57mvj-0 HTZzX"
          data-cell-type="monthCell"
          data-value="Sun, 01 Jun 2025 09:00:00 GMT"
        >
          <div
            class="DefaultCell__LeftHalf-sc-e57mvj-1 brmOVU"
          />
          <div
            class="DefaultCell__RightHalf-sc-e57mvj-2 gZruMH"
          />
          <div
            class="DefaultCell__Cell-sc-e57mvj-3 iTbxRQ"
          >
            Июнь
          </div>
        </div>
        <div
          class="DefaultCell__CellContainer-sc-e57mvj-0 HTZzX"
          data-cell-type="monthCell"
          data-value="Tue, 01 Jul 2025 09:00:00 GMT"
        >
          <div
            class="DefaultCell__LeftHalf-sc-e57mvj-1 brmOVU"
          />
          <div
            class="DefaultCell__RightHalf-sc-e57mvj-2 gZruMH"
          />
          <div
            class="DefaultCell__Cell-sc-e57mvj-3 iTbxRQ"
          >
            Июль
          </div>
        </div>
        <div
          class="DefaultCell__CellContainer-sc-e57mvj-0 HTZzX"
          data-cell-type="monthCell"
          data-value="Fri, 01 Aug 2025 09:00:00 GMT"
        >
          <div
            class="DefaultCell__LeftHalf-sc-e57mvj-1 brmOVU"
          />
          <div
            class="DefaultCell__RightHalf-sc-e57mvj-2 gZruMH"
          />
          <div
            class="DefaultCell__Cell-sc-e57mvj-3 iTbxRQ"
          >
            Август
          </div>
        </div>
        <div
          class="DefaultCell__CellContainer-sc-e57mvj-0 HTZzX"
          data-cell-type="monthCell"
          data-value="Mon, 01 Sep 2025 09:00:00 GMT"
        >
          <div
            class="DefaultCell__LeftHalf-sc-e57mvj-1 brmOVU"
          />
          <div
            class="DefaultCell__RightHalf-sc-e57mvj-2 gZruMH"
          />
          <div
            class="DefaultCell__Cell-sc-e57mvj-3 iTbxRQ"
          >
            Сентябрь
          </div>
        </div>
        <div
          class="DefaultCell__CellContainer-sc-e57mvj-0 HTZzX"
          data-cell-type="monthCell"
          data-value="Wed, 01 Oct 2025 09:00:00 GMT"
        >
          <div
            class="DefaultCell__LeftHalf-sc-e57mvj-1 brmOVU"
          />
          <div
            class="DefaultCell__RightHalf-sc-e57mvj-2 gZruMH"
          />
          <div
            class="DefaultCell__Cell-sc-e57mvj-3 iTbxRQ"
          >
            Октябрь
          </div>
        </div>
        <div
          class="DefaultCell__CellContainer-sc-e57mvj-0 HTZzX"
          data-cell-type="monthCell"
          data-value="Sat, 01 Nov 2025 09:00:00 GMT"
        >
          <div
            class="DefaultCell__LeftHalf-sc-e57mvj-1 brmOVU"
          />
          <div
            class="DefaultCell__RightHalf-sc-e57mvj-2 gZruMH"
          />
          <div
            class="DefaultCell__Cell-sc-e57mvj-3 iTbxRQ"
          >
            Ноябрь
          </div>
        </div>
        <div
          class="DefaultCell__CellContainer-sc-e57mvj-0 HTZzX"
          data-cell-type="monthCell"
          data-value="Mon, 01 Dec 2025 09:00:00 GMT"
        >
          <div
            class="DefaultCell__LeftHalf-sc-e57mvj-1 brmOVU"
          />
          <div
            class="DefaultCell__RightHalf-sc-e57mvj-2 gZruMH"
          />
          <div
            class="DefaultCell__Cell-sc-e57mvj-3 iTbxRQ"
          >
            Декабрь
          </div>
        </div>
      </div>
    </div>
  </div>
</div>
`;
