// Vitest Snapshot v1, https://vitest.dev/guide/snapshot.html

exports[`DateRangeDoublePickerCalendar > should render component 1`] = `
<div>
  <div
    class="calendarStyle__DoublePickerCalendarWrapper-sc-134889c1-1 lfnGDY"
  >
    <div
      class="calendarStyle__SingleContainer-sc-134889c1-2 ipVvsv"
    >
      <div
        class="MonthNavigationPanelWidget__MonthNavigationPanelWrapper-sc-a9d285bb-0 fwtZpC"
      >
        <button
          class="sc-dAlxHm iZWNbA"
          data-panel-target-type="left"
          type="button"
        >
          <div
            aria-hidden="true"
            class="sc-kpDprT iRbtbt"
          />
          <div
            aria-hidden="true"
            class="sc-dhKdPU AkbOK"
          >
            <svg
              fill="none"
              focusable="false"
              viewBox="0 0 24 24"
              xmlns="http://www.w3.org/2000/svg"
            >
              <defs>
                <clippath
                  id="Chevron_Left_Outline_svg__a"
                >
                  <path
                    d="M0 0h24v24H0z"
                    fill="#fff"
                    fill-opacity="0"
                  />
                </clippath>
              </defs>
              <g
                clip-path="url(#Chevron_Left_Outline_svg__a)"
              >
                <path
                  d="M14.5 18.75c.18 0 .35-.07.48-.21.24-.27.22-.68-.04-.92l-6.37-5.74 6.41-5.55a.65.65 0 0 0 .04-.92.66.66 0 0 0-.92-.04l-6.9 5.99c-.31.28-.31.76 0 1.04l6.86 6.18c.13.12.28.17.44.17"
                  fill="#717681"
                />
              </g>
            </svg>
          </div>
        </button>
        <div
          class="MonthNavigationPanelWidget__MonthYearWrapper-sc-a9d285bb-1 cRCyrz"
        >
          <div
            class="MonthNavigationPanelWidget__TextWrapper-sc-a9d285bb-2 fPXAQY"
            data-panel-target-type="month"
          >
            Май
          </div>
          <div
            class="MonthNavigationPanelWidget__TextWrapper-sc-a9d285bb-2 fPXAQY"
            data-panel-target-type="year"
          >
            2024
          </div>
        </div>
        <button
          class="sc-dAlxHm iZWNbA"
          data-panel-target-type="right"
          type="button"
        >
          <div
            aria-hidden="true"
            class="sc-kpDprT iRbtbt"
          />
          <div
            aria-hidden="true"
            class="sc-dhKdPU AkbOK"
          >
            <svg
              fill="none"
              focusable="false"
              viewBox="0 0 24 24"
              xmlns="http://www.w3.org/2000/svg"
            >
              <defs>
                <clippath
                  id="Chevron_Right_Outline_svg__a"
                >
                  <path
                    d="M0 0h24v24H0z"
                    fill="#fff"
                    fill-opacity="0"
                  />
                </clippath>
              </defs>
              <g
                clip-path="url(#Chevron_Right_Outline_svg__a)"
              >
                <path
                  d="M9.47 18.75c-.18 0-.35-.07-.48-.21a.66.66 0 0 1 .04-.92l6.37-5.74-6.41-5.55a.65.65 0 0 1-.04-.92c.24-.26.65-.28.92-.04l6.9 5.99c.31.28.31.76 0 1.04l-6.86 6.18c-.13.12-.28.17-.44.17"
                  fill="#717681"
                />
              </g>
            </svg>
          </div>
        </button>
      </div>
      <div
        class="calendarStyle__CalendarContainer-sc-134889c1-3 ipYRFf"
      >
        <div
          class="DatesOfMonthWidget__DatesOfMonthWrapper-sc-1f15ac37-0 hvbvIZ calendarStyle__DateRangeCalendarView-sc-134889c1-4 cPLSkx"
          data-container-type="datesOfMonthWrapper"
        >
          <div
            class="Days__DayNamesWrapper-sc-b0fbd5b1-0 bQhrmp"
          >
            <div
              class="Days__DayNameCell-sc-b0fbd5b1-1 fVvDva"
              data-cell-type="dayCell"
              data-value="пн"
            >
              Пн
            </div>
            <div
              class="Days__DayNameCell-sc-b0fbd5b1-1 fVvDva"
              data-cell-type="dayCell"
              data-value="вт"
            >
              Вт
            </div>
            <div
              class="Days__DayNameCell-sc-b0fbd5b1-1 fVvDva"
              data-cell-type="dayCell"
              data-value="ср"
            >
              Ср
            </div>
            <div
              class="Days__DayNameCell-sc-b0fbd5b1-1 fVvDva"
              data-cell-type="dayCell"
              data-value="чт"
            >
              Чт
            </div>
            <div
              class="Days__DayNameCell-sc-b0fbd5b1-1 fVvDva"
              data-cell-type="dayCell"
              data-value="пт"
            >
              Пт
            </div>
            <div
              class="Days__DayNameCell-sc-b0fbd5b1-1 fVvDva"
              data-cell-type="dayCell"
              data-value="сб"
            >
              Сб
            </div>
            <div
              class="Days__DayNameCell-sc-b0fbd5b1-1 fVvDva"
              data-cell-type="dayCell"
              data-value="вс"
            >
              Вс
            </div>
          </div>
          <div
            class="Dates__DatesWrapper-sc-c9a4637b-0 hgEKQR"
            data-container-type="datesWrapper"
          >
            <div
              class="DefaultCell__CellContainer-sc-a39ffd1b-0 ljQKIS"
              data-cell-type="dateCell"
              data-hidden-cell="true"
              data-is-outside-month-date="true"
              data-is-start-of-week-cell="true"
              data-value="2024-04-29"
            >
              <div
                class="DefaultCell__LeftHalf-sc-a39ffd1b-1 dBmMda"
              />
              <div
                class="DefaultCell__RightHalf-sc-a39ffd1b-2 hMKzer"
              />
              <div
                class="DefaultCell__Cell-sc-a39ffd1b-3 FpoHh"
              >
                29
              </div>
            </div>
            <div
              class="DefaultCell__CellContainer-sc-a39ffd1b-0 ljQKIS"
              data-cell-type="dateCell"
              data-hidden-cell="true"
              data-is-end-of-week-cell="true"
              data-is-outside-month-date="true"
              data-value="2024-04-30"
            >
              <div
                class="DefaultCell__LeftHalf-sc-a39ffd1b-1 heavWc"
              />
              <div
                class="DefaultCell__RightHalf-sc-a39ffd1b-2 grRHsh"
              />
              <div
                class="DefaultCell__Cell-sc-a39ffd1b-3 FpoHh"
              >
                30
              </div>
            </div>
            <div
              class="DefaultCell__CellContainer-sc-a39ffd1b-0 ljQKIS"
              data-cell-type="dateCell"
              data-is-start-of-week-cell="true"
              data-value="2024-05-01"
            >
              <div
                class="DefaultCell__LeftHalf-sc-a39ffd1b-1 dBmMda"
              />
              <div
                class="DefaultCell__RightHalf-sc-a39ffd1b-2 hMKzer"
              />
              <div
                class="DefaultCell__Cell-sc-a39ffd1b-3 lidRvq"
              >
                1
              </div>
            </div>
            <div
              class="DefaultCell__CellContainer-sc-a39ffd1b-0 ljQKIS"
              data-cell-type="dateCell"
              data-value="2024-05-02"
            >
              <div
                class="DefaultCell__LeftHalf-sc-a39ffd1b-1 heavWc"
              />
              <div
                class="DefaultCell__RightHalf-sc-a39ffd1b-2 hMKzer"
              />
              <div
                class="DefaultCell__Cell-sc-a39ffd1b-3 lidRvq"
              >
                2
              </div>
            </div>
            <div
              class="DefaultCell__CellContainer-sc-a39ffd1b-0 ljQKIS"
              data-cell-type="dateCell"
              data-value="2024-05-03"
            >
              <div
                class="DefaultCell__LeftHalf-sc-a39ffd1b-1 heavWc"
              />
              <div
                class="DefaultCell__RightHalf-sc-a39ffd1b-2 hMKzer"
              />
              <div
                class="DefaultCell__Cell-sc-a39ffd1b-3 lidRvq"
              >
                3
              </div>
            </div>
            <div
              class="DefaultCell__CellContainer-sc-a39ffd1b-0 ljQKIS"
              data-cell-type="dateCell"
              data-value="2024-05-04"
            >
              <div
                class="DefaultCell__LeftHalf-sc-a39ffd1b-1 heavWc"
              />
              <div
                class="DefaultCell__RightHalf-sc-a39ffd1b-2 hMKzer"
              />
              <div
                class="DefaultCell__Cell-sc-a39ffd1b-3 lidRvq"
              >
                4
              </div>
            </div>
            <div
              class="DefaultCell__CellContainer-sc-a39ffd1b-0 ljQKIS"
              data-cell-type="dateCell"
              data-is-end-of-week-cell="true"
              data-value="2024-05-05"
            >
              <div
                class="DefaultCell__LeftHalf-sc-a39ffd1b-1 heavWc"
              />
              <div
                class="DefaultCell__RightHalf-sc-a39ffd1b-2 grRHsh"
              />
              <div
                class="DefaultCell__Cell-sc-a39ffd1b-3 lidRvq"
              >
                5
              </div>
            </div>
            <div
              class="DefaultCell__CellContainer-sc-a39ffd1b-0 ljQKIS"
              data-cell-type="dateCell"
              data-is-start-of-week-cell="true"
              data-value="2024-05-06"
            >
              <div
                class="DefaultCell__LeftHalf-sc-a39ffd1b-1 dBmMda"
              />
              <div
                class="DefaultCell__RightHalf-sc-a39ffd1b-2 hMKzer"
              />
              <div
                class="DefaultCell__Cell-sc-a39ffd1b-3 lidRvq"
              >
                6
              </div>
            </div>
            <div
              class="DefaultCell__CellContainer-sc-a39ffd1b-0 ljQKIS"
              data-cell-type="dateCell"
              data-value="2024-05-07"
            >
              <div
                class="DefaultCell__LeftHalf-sc-a39ffd1b-1 heavWc"
              />
              <div
                class="DefaultCell__RightHalf-sc-a39ffd1b-2 hMKzer"
              />
              <div
                class="DefaultCell__Cell-sc-a39ffd1b-3 lidRvq"
              >
                7
              </div>
            </div>
            <div
              class="DefaultCell__CellContainer-sc-a39ffd1b-0 ljQKIS"
              data-cell-type="dateCell"
              data-value="2024-05-08"
            >
              <div
                class="DefaultCell__LeftHalf-sc-a39ffd1b-1 heavWc"
              />
              <div
                class="DefaultCell__RightHalf-sc-a39ffd1b-2 hMKzer"
              />
              <div
                class="DefaultCell__Cell-sc-a39ffd1b-3 lidRvq"
              >
                8
              </div>
            </div>
            <div
              class="DefaultCell__CellContainer-sc-a39ffd1b-0 ljQKIS"
              data-cell-type="dateCell"
              data-value="2024-05-09"
            >
              <div
                class="DefaultCell__LeftHalf-sc-a39ffd1b-1 heavWc"
              />
              <div
                class="DefaultCell__RightHalf-sc-a39ffd1b-2 hMKzer"
              />
              <div
                class="DefaultCell__Cell-sc-a39ffd1b-3 lidRvq"
              >
                9
              </div>
            </div>
            <div
              class="DefaultCell__CellContainer-sc-a39ffd1b-0 ljQKIS"
              data-cell-type="dateCell"
              data-value="2024-05-10"
            >
              <div
                class="DefaultCell__LeftHalf-sc-a39ffd1b-1 heavWc"
              />
              <div
                class="DefaultCell__RightHalf-sc-a39ffd1b-2 hMKzer"
              />
              <div
                class="DefaultCell__Cell-sc-a39ffd1b-3 lidRvq"
              >
                10
              </div>
            </div>
            <div
              class="DefaultCell__CellContainer-sc-a39ffd1b-0 ljQKIS"
              data-cell-type="dateCell"
              data-value="2024-05-11"
            >
              <div
                class="DefaultCell__LeftHalf-sc-a39ffd1b-1 heavWc"
              />
              <div
                class="DefaultCell__RightHalf-sc-a39ffd1b-2 hMKzer"
              />
              <div
                class="DefaultCell__Cell-sc-a39ffd1b-3 lidRvq"
              >
                11
              </div>
            </div>
            <div
              class="DefaultCell__CellContainer-sc-a39ffd1b-0 ljQKIS"
              data-cell-type="dateCell"
              data-is-end-of-week-cell="true"
              data-value="2024-05-12"
            >
              <div
                class="DefaultCell__LeftHalf-sc-a39ffd1b-1 heavWc"
              />
              <div
                class="DefaultCell__RightHalf-sc-a39ffd1b-2 grRHsh"
              />
              <div
                class="DefaultCell__Cell-sc-a39ffd1b-3 lidRvq"
              >
                12
              </div>
            </div>
            <div
              class="DefaultCell__CellContainer-sc-a39ffd1b-0 ljQKIS"
              data-cell-type="dateCell"
              data-is-start-of-week-cell="true"
              data-value="2024-05-13"
            >
              <div
                class="DefaultCell__LeftHalf-sc-a39ffd1b-1 dBmMda"
              />
              <div
                class="DefaultCell__RightHalf-sc-a39ffd1b-2 hMKzer"
              />
              <div
                class="DefaultCell__Cell-sc-a39ffd1b-3 lidRvq"
              >
                13
              </div>
            </div>
            <div
              class="DefaultCell__CellContainer-sc-a39ffd1b-0 ljQKIS"
              data-cell-type="dateCell"
              data-value="2024-05-14"
            >
              <div
                class="DefaultCell__LeftHalf-sc-a39ffd1b-1 heavWc"
              />
              <div
                class="DefaultCell__RightHalf-sc-a39ffd1b-2 hMKzer"
              />
              <div
                class="DefaultCell__Cell-sc-a39ffd1b-3 lidRvq"
              >
                14
              </div>
            </div>
            <div
              class="DefaultCell__CellContainer-sc-a39ffd1b-0 ljQKIS"
              data-cell-type="dateCell"
              data-value="2024-05-15"
            >
              <div
                class="DefaultCell__LeftHalf-sc-a39ffd1b-1 heavWc"
              />
              <div
                class="DefaultCell__RightHalf-sc-a39ffd1b-2 hMKzer"
              />
              <div
                class="DefaultCell__Cell-sc-a39ffd1b-3 lidRvq"
              >
                15
              </div>
            </div>
            <div
              class="DefaultCell__CellContainer-sc-a39ffd1b-0 ljQKIS"
              data-cell-type="dateCell"
              data-value="2024-05-16"
            >
              <div
                class="DefaultCell__LeftHalf-sc-a39ffd1b-1 heavWc"
              />
              <div
                class="DefaultCell__RightHalf-sc-a39ffd1b-2 hMKzer"
              />
              <div
                class="DefaultCell__Cell-sc-a39ffd1b-3 lidRvq"
              >
                16
              </div>
            </div>
            <div
              class="DefaultCell__CellContainer-sc-a39ffd1b-0 ljQKIS"
              data-cell-type="dateCell"
              data-value="2024-05-17"
            >
              <div
                class="DefaultCell__LeftHalf-sc-a39ffd1b-1 heavWc"
              />
              <div
                class="DefaultCell__RightHalf-sc-a39ffd1b-2 hMKzer"
              />
              <div
                class="DefaultCell__Cell-sc-a39ffd1b-3 lidRvq"
              >
                17
              </div>
            </div>
            <div
              class="DefaultCell__CellContainer-sc-a39ffd1b-0 ljQKIS"
              data-cell-type="dateCell"
              data-value="2024-05-18"
            >
              <div
                class="DefaultCell__LeftHalf-sc-a39ffd1b-1 heavWc"
              />
              <div
                class="DefaultCell__RightHalf-sc-a39ffd1b-2 hMKzer"
              />
              <div
                class="DefaultCell__Cell-sc-a39ffd1b-3 lidRvq"
              >
                18
              </div>
            </div>
            <div
              class="DefaultCell__CellContainer-sc-a39ffd1b-0 ljQKIS"
              data-cell-type="dateCell"
              data-is-end-of-week-cell="true"
              data-value="2024-05-19"
            >
              <div
                class="DefaultCell__LeftHalf-sc-a39ffd1b-1 heavWc"
              />
              <div
                class="DefaultCell__RightHalf-sc-a39ffd1b-2 grRHsh"
              />
              <div
                class="DefaultCell__Cell-sc-a39ffd1b-3 lidRvq"
              >
                19
              </div>
            </div>
            <div
              class="DefaultCell__CellContainer-sc-a39ffd1b-0 ljQKIS"
              data-cell-type="dateCell"
              data-is-start-of-week-cell="true"
              data-value="2024-05-20"
            >
              <div
                class="DefaultCell__LeftHalf-sc-a39ffd1b-1 dBmMda"
              />
              <div
                class="DefaultCell__RightHalf-sc-a39ffd1b-2 hMKzer"
              />
              <div
                class="DefaultCell__Cell-sc-a39ffd1b-3 lidRvq"
              >
                20
              </div>
            </div>
            <div
              class="DefaultCell__CellContainer-sc-a39ffd1b-0 ljQKIS"
              data-cell-type="dateCell"
              data-value="2024-05-21"
            >
              <div
                class="DefaultCell__LeftHalf-sc-a39ffd1b-1 heavWc"
              />
              <div
                class="DefaultCell__RightHalf-sc-a39ffd1b-2 hMKzer"
              />
              <div
                class="DefaultCell__Cell-sc-a39ffd1b-3 lidRvq"
              >
                21
              </div>
            </div>
            <div
              class="DefaultCell__CellContainer-sc-a39ffd1b-0 ljQKIS"
              data-cell-type="dateCell"
              data-value="2024-05-22"
            >
              <div
                class="DefaultCell__LeftHalf-sc-a39ffd1b-1 heavWc"
              />
              <div
                class="DefaultCell__RightHalf-sc-a39ffd1b-2 hMKzer"
              />
              <div
                class="DefaultCell__Cell-sc-a39ffd1b-3 lidRvq"
              >
                22
              </div>
            </div>
            <div
              class="DefaultCell__CellContainer-sc-a39ffd1b-0 ljQKIS"
              data-cell-type="dateCell"
              data-value="2024-05-23"
            >
              <div
                class="DefaultCell__LeftHalf-sc-a39ffd1b-1 heavWc"
              />
              <div
                class="DefaultCell__RightHalf-sc-a39ffd1b-2 hMKzer"
              />
              <div
                class="DefaultCell__Cell-sc-a39ffd1b-3 lidRvq"
              >
                23
              </div>
            </div>
            <div
              class="DefaultCell__CellContainer-sc-a39ffd1b-0 ljQKIS"
              data-cell-type="dateCell"
              data-value="2024-05-24"
            >
              <div
                class="DefaultCell__LeftHalf-sc-a39ffd1b-1 heavWc"
              />
              <div
                class="DefaultCell__RightHalf-sc-a39ffd1b-2 hMKzer"
              />
              <div
                class="DefaultCell__Cell-sc-a39ffd1b-3 lidRvq"
              >
                24
              </div>
            </div>
            <div
              class="DefaultCell__CellContainer-sc-a39ffd1b-0 ljQKIS"
              data-cell-type="dateCell"
              data-value="2024-05-25"
            >
              <div
                class="DefaultCell__LeftHalf-sc-a39ffd1b-1 heavWc"
              />
              <div
                class="DefaultCell__RightHalf-sc-a39ffd1b-2 hMKzer"
              />
              <div
                class="DefaultCell__Cell-sc-a39ffd1b-3 lidRvq"
              >
                25
              </div>
            </div>
            <div
              class="DefaultCell__CellContainer-sc-a39ffd1b-0 ljQKIS"
              data-cell-type="dateCell"
              data-is-end-of-week-cell="true"
              data-value="2024-05-26"
            >
              <div
                class="DefaultCell__LeftHalf-sc-a39ffd1b-1 heavWc"
              />
              <div
                class="DefaultCell__RightHalf-sc-a39ffd1b-2 grRHsh"
              />
              <div
                class="DefaultCell__Cell-sc-a39ffd1b-3 lidRvq"
              >
                26
              </div>
            </div>
            <div
              class="DefaultCell__CellContainer-sc-a39ffd1b-0 ljQKIS"
              data-cell-type="dateCell"
              data-is-start-of-week-cell="true"
              data-value="2024-05-27"
            >
              <div
                class="DefaultCell__LeftHalf-sc-a39ffd1b-1 dBmMda"
              />
              <div
                class="DefaultCell__RightHalf-sc-a39ffd1b-2 hMKzer"
              />
              <div
                class="DefaultCell__Cell-sc-a39ffd1b-3 lidRvq"
              >
                27
              </div>
            </div>
            <div
              class="DefaultCell__CellContainer-sc-a39ffd1b-0 ljQKIS"
              data-cell-type="dateCell"
              data-is-current-day-cell="true"
              data-value="2024-05-28"
            >
              <div
                class="DefaultCell__LeftHalf-sc-a39ffd1b-1 heavWc"
              />
              <div
                class="DefaultCell__RightHalf-sc-a39ffd1b-2 hMKzer"
              />
              <div
                class="DefaultCell__Cell-sc-a39ffd1b-3 bPUDwk"
              >
                28
              </div>
            </div>
            <div
              class="DefaultCell__CellContainer-sc-a39ffd1b-0 ljQKIS"
              data-cell-type="dateCell"
              data-value="2024-05-29"
            >
              <div
                class="DefaultCell__LeftHalf-sc-a39ffd1b-1 heavWc"
              />
              <div
                class="DefaultCell__RightHalf-sc-a39ffd1b-2 hMKzer"
              />
              <div
                class="DefaultCell__Cell-sc-a39ffd1b-3 lidRvq"
              >
                29
              </div>
            </div>
            <div
              class="DefaultCell__CellContainer-sc-a39ffd1b-0 ljQKIS"
              data-cell-type="dateCell"
              data-value="2024-05-30"
            >
              <div
                class="DefaultCell__LeftHalf-sc-a39ffd1b-1 heavWc"
              />
              <div
                class="DefaultCell__RightHalf-sc-a39ffd1b-2 hMKzer"
              />
              <div
                class="DefaultCell__Cell-sc-a39ffd1b-3 lidRvq"
              >
                30
              </div>
            </div>
            <div
              class="DefaultCell__CellContainer-sc-a39ffd1b-0 ljQKIS"
              data-cell-type="dateCell"
              data-is-end-of-week-cell="true"
              data-value="2024-05-31"
            >
              <div
                class="DefaultCell__LeftHalf-sc-a39ffd1b-1 heavWc"
              />
              <div
                class="DefaultCell__RightHalf-sc-a39ffd1b-2 grRHsh"
              />
              <div
                class="DefaultCell__Cell-sc-a39ffd1b-3 lidRvq"
              >
                31
              </div>
            </div>
            <div
              class="DefaultCell__CellContainer-sc-a39ffd1b-0 ljQKIS"
              data-cell-type="dateCell"
              data-hidden-cell="true"
              data-is-outside-month-date="true"
              data-is-start-of-week-cell="true"
              data-value="2024-06-01"
            >
              <div
                class="DefaultCell__LeftHalf-sc-a39ffd1b-1 dBmMda"
              />
              <div
                class="DefaultCell__RightHalf-sc-a39ffd1b-2 hMKzer"
              />
              <div
                class="DefaultCell__Cell-sc-a39ffd1b-3 FpoHh"
              >
                1
              </div>
            </div>
            <div
              class="DefaultCell__CellContainer-sc-a39ffd1b-0 ljQKIS"
              data-cell-type="dateCell"
              data-hidden-cell="true"
              data-is-end-of-week-cell="true"
              data-is-outside-month-date="true"
              data-value="2024-06-02"
            >
              <div
                class="DefaultCell__LeftHalf-sc-a39ffd1b-1 heavWc"
              />
              <div
                class="DefaultCell__RightHalf-sc-a39ffd1b-2 grRHsh"
              />
              <div
                class="DefaultCell__Cell-sc-a39ffd1b-3 FpoHh"
              >
                2
              </div>
            </div>
            <div
              class="DefaultCell__CellContainer-sc-a39ffd1b-0 ljQKIS"
              data-cell-type="dateCell"
              data-hidden-cell="true"
              data-is-outside-month-date="true"
              data-is-start-of-week-cell="true"
              data-value="2024-06-03"
            >
              <div
                class="DefaultCell__LeftHalf-sc-a39ffd1b-1 dBmMda"
              />
              <div
                class="DefaultCell__RightHalf-sc-a39ffd1b-2 hMKzer"
              />
              <div
                class="DefaultCell__Cell-sc-a39ffd1b-3 FpoHh"
              >
                3
              </div>
            </div>
            <div
              class="DefaultCell__CellContainer-sc-a39ffd1b-0 ljQKIS"
              data-cell-type="dateCell"
              data-hidden-cell="true"
              data-is-outside-month-date="true"
              data-value="2024-06-04"
            >
              <div
                class="DefaultCell__LeftHalf-sc-a39ffd1b-1 heavWc"
              />
              <div
                class="DefaultCell__RightHalf-sc-a39ffd1b-2 hMKzer"
              />
              <div
                class="DefaultCell__Cell-sc-a39ffd1b-3 FpoHh"
              >
                4
              </div>
            </div>
            <div
              class="DefaultCell__CellContainer-sc-a39ffd1b-0 ljQKIS"
              data-cell-type="dateCell"
              data-hidden-cell="true"
              data-is-outside-month-date="true"
              data-value="2024-06-05"
            >
              <div
                class="DefaultCell__LeftHalf-sc-a39ffd1b-1 heavWc"
              />
              <div
                class="DefaultCell__RightHalf-sc-a39ffd1b-2 hMKzer"
              />
              <div
                class="DefaultCell__Cell-sc-a39ffd1b-3 FpoHh"
              >
                5
              </div>
            </div>
            <div
              class="DefaultCell__CellContainer-sc-a39ffd1b-0 ljQKIS"
              data-cell-type="dateCell"
              data-hidden-cell="true"
              data-is-outside-month-date="true"
              data-value="2024-06-06"
            >
              <div
                class="DefaultCell__LeftHalf-sc-a39ffd1b-1 heavWc"
              />
              <div
                class="DefaultCell__RightHalf-sc-a39ffd1b-2 hMKzer"
              />
              <div
                class="DefaultCell__Cell-sc-a39ffd1b-3 FpoHh"
              >
                6
              </div>
            </div>
            <div
              class="DefaultCell__CellContainer-sc-a39ffd1b-0 ljQKIS"
              data-cell-type="dateCell"
              data-hidden-cell="true"
              data-is-outside-month-date="true"
              data-value="2024-06-07"
            >
              <div
                class="DefaultCell__LeftHalf-sc-a39ffd1b-1 heavWc"
              />
              <div
                class="DefaultCell__RightHalf-sc-a39ffd1b-2 hMKzer"
              />
              <div
                class="DefaultCell__Cell-sc-a39ffd1b-3 FpoHh"
              >
                7
              </div>
            </div>
            <div
              class="DefaultCell__CellContainer-sc-a39ffd1b-0 ljQKIS"
              data-cell-type="dateCell"
              data-hidden-cell="true"
              data-is-outside-month-date="true"
              data-value="2024-06-08"
            >
              <div
                class="DefaultCell__LeftHalf-sc-a39ffd1b-1 heavWc"
              />
              <div
                class="DefaultCell__RightHalf-sc-a39ffd1b-2 hMKzer"
              />
              <div
                class="DefaultCell__Cell-sc-a39ffd1b-3 FpoHh"
              >
                8
              </div>
            </div>
            <div
              class="DefaultCell__CellContainer-sc-a39ffd1b-0 ljQKIS"
              data-cell-type="dateCell"
              data-hidden-cell="true"
              data-is-end-of-week-cell="true"
              data-is-outside-month-date="true"
              data-value="2024-06-09"
            >
              <div
                class="DefaultCell__LeftHalf-sc-a39ffd1b-1 heavWc"
              />
              <div
                class="DefaultCell__RightHalf-sc-a39ffd1b-2 grRHsh"
              />
              <div
                class="DefaultCell__Cell-sc-a39ffd1b-3 FpoHh"
              >
                9
              </div>
            </div>
          </div>
        </div>
        <div
          class="MonthsOfYearWidget__MonthsOfYearWrapper-sc-2e853a50-0 hHEHDK calendarStyle__MonthCalendarView-sc-134889c1-8 dUmLri"
          data-container-type="monthsOfYearWrapper"
        >
          <div
            class="Months__MonthsWrapper-sc-99900c60-0 jABJhv"
            data-container-type="monthsWrapper"
          >
            <div
              class="DefaultCell__CellContainer-sc-a39ffd1b-0 PAtFH"
              data-cell-type="monthCell"
              data-value="Mon, 01 Jan 2024 09:00:00 GMT"
            >
              <div
                class="DefaultCell__LeftHalf-sc-a39ffd1b-1 heavWc"
              />
              <div
                class="DefaultCell__RightHalf-sc-a39ffd1b-2 hMKzer"
              />
              <div
                class="DefaultCell__Cell-sc-a39ffd1b-3 iXAtef"
              >
                Январь
              </div>
            </div>
            <div
              class="DefaultCell__CellContainer-sc-a39ffd1b-0 PAtFH"
              data-cell-type="monthCell"
              data-value="Thu, 01 Feb 2024 09:00:00 GMT"
            >
              <div
                class="DefaultCell__LeftHalf-sc-a39ffd1b-1 heavWc"
              />
              <div
                class="DefaultCell__RightHalf-sc-a39ffd1b-2 hMKzer"
              />
              <div
                class="DefaultCell__Cell-sc-a39ffd1b-3 iXAtef"
              >
                Февраль
              </div>
            </div>
            <div
              class="DefaultCell__CellContainer-sc-a39ffd1b-0 PAtFH"
              data-cell-type="monthCell"
              data-value="Fri, 01 Mar 2024 09:00:00 GMT"
            >
              <div
                class="DefaultCell__LeftHalf-sc-a39ffd1b-1 heavWc"
              />
              <div
                class="DefaultCell__RightHalf-sc-a39ffd1b-2 hMKzer"
              />
              <div
                class="DefaultCell__Cell-sc-a39ffd1b-3 iXAtef"
              >
                Март
              </div>
            </div>
            <div
              class="DefaultCell__CellContainer-sc-a39ffd1b-0 PAtFH"
              data-cell-type="monthCell"
              data-value="Mon, 01 Apr 2024 09:00:00 GMT"
            >
              <div
                class="DefaultCell__LeftHalf-sc-a39ffd1b-1 heavWc"
              />
              <div
                class="DefaultCell__RightHalf-sc-a39ffd1b-2 hMKzer"
              />
              <div
                class="DefaultCell__Cell-sc-a39ffd1b-3 iXAtef"
              >
                Апрель
              </div>
            </div>
            <div
              class="DefaultCell__CellContainer-sc-a39ffd1b-0 PAtFH"
              data-cell-type="monthCell"
              data-is-current-month="true"
              data-value="Wed, 01 May 2024 09:00:00 GMT"
            >
              <div
                class="DefaultCell__LeftHalf-sc-a39ffd1b-1 heavWc"
              />
              <div
                class="DefaultCell__RightHalf-sc-a39ffd1b-2 hMKzer"
              />
              <div
                class="DefaultCell__Cell-sc-a39ffd1b-3 hUwjxx"
              >
                Май
              </div>
            </div>
            <div
              class="DefaultCell__CellContainer-sc-a39ffd1b-0 PAtFH"
              data-cell-type="monthCell"
              data-value="Sat, 01 Jun 2024 09:00:00 GMT"
            >
              <div
                class="DefaultCell__LeftHalf-sc-a39ffd1b-1 heavWc"
              />
              <div
                class="DefaultCell__RightHalf-sc-a39ffd1b-2 hMKzer"
              />
              <div
                class="DefaultCell__Cell-sc-a39ffd1b-3 iXAtef"
              >
                Июнь
              </div>
            </div>
            <div
              class="DefaultCell__CellContainer-sc-a39ffd1b-0 PAtFH"
              data-cell-type="monthCell"
              data-value="Mon, 01 Jul 2024 09:00:00 GMT"
            >
              <div
                class="DefaultCell__LeftHalf-sc-a39ffd1b-1 heavWc"
              />
              <div
                class="DefaultCell__RightHalf-sc-a39ffd1b-2 hMKzer"
              />
              <div
                class="DefaultCell__Cell-sc-a39ffd1b-3 iXAtef"
              >
                Июль
              </div>
            </div>
            <div
              class="DefaultCell__CellContainer-sc-a39ffd1b-0 PAtFH"
              data-cell-type="monthCell"
              data-value="Thu, 01 Aug 2024 09:00:00 GMT"
            >
              <div
                class="DefaultCell__LeftHalf-sc-a39ffd1b-1 heavWc"
              />
              <div
                class="DefaultCell__RightHalf-sc-a39ffd1b-2 hMKzer"
              />
              <div
                class="DefaultCell__Cell-sc-a39ffd1b-3 iXAtef"
              >
                Август
              </div>
            </div>
            <div
              class="DefaultCell__CellContainer-sc-a39ffd1b-0 PAtFH"
              data-cell-type="monthCell"
              data-value="Sun, 01 Sep 2024 09:00:00 GMT"
            >
              <div
                class="DefaultCell__LeftHalf-sc-a39ffd1b-1 heavWc"
              />
              <div
                class="DefaultCell__RightHalf-sc-a39ffd1b-2 hMKzer"
              />
              <div
                class="DefaultCell__Cell-sc-a39ffd1b-3 iXAtef"
              >
                Сентябрь
              </div>
            </div>
            <div
              class="DefaultCell__CellContainer-sc-a39ffd1b-0 PAtFH"
              data-cell-type="monthCell"
              data-value="Tue, 01 Oct 2024 09:00:00 GMT"
            >
              <div
                class="DefaultCell__LeftHalf-sc-a39ffd1b-1 heavWc"
              />
              <div
                class="DefaultCell__RightHalf-sc-a39ffd1b-2 hMKzer"
              />
              <div
                class="DefaultCell__Cell-sc-a39ffd1b-3 iXAtef"
              >
                Октябрь
              </div>
            </div>
            <div
              class="DefaultCell__CellContainer-sc-a39ffd1b-0 PAtFH"
              data-cell-type="monthCell"
              data-value="Fri, 01 Nov 2024 09:00:00 GMT"
            >
              <div
                class="DefaultCell__LeftHalf-sc-a39ffd1b-1 heavWc"
              />
              <div
                class="DefaultCell__RightHalf-sc-a39ffd1b-2 hMKzer"
              />
              <div
                class="DefaultCell__Cell-sc-a39ffd1b-3 iXAtef"
              >
                Ноябрь
              </div>
            </div>
            <div
              class="DefaultCell__CellContainer-sc-a39ffd1b-0 PAtFH"
              data-cell-type="monthCell"
              data-value="Sun, 01 Dec 2024 09:00:00 GMT"
            >
              <div
                class="DefaultCell__LeftHalf-sc-a39ffd1b-1 heavWc"
              />
              <div
                class="DefaultCell__RightHalf-sc-a39ffd1b-2 hMKzer"
              />
              <div
                class="DefaultCell__Cell-sc-a39ffd1b-3 iXAtef"
              >
                Декабрь
              </div>
            </div>
          </div>
        </div>
        <div
          class="YearsOfTwentyYearsWidget__YearsOfYearWrapper-sc-d2f11055-0 ibVTyu calendarStyle__YearCalendarView-sc-134889c1-9 fTkbrU"
          data-container-type="yearsOfYearWrapper"
        >
          <div
            class="Years__YearsWrapper-sc-9312f405-0 pDGjJ"
            data-container-type="yearsWrapper"
          >
            <div
              class="DefaultCell__CellContainer-sc-a39ffd1b-0 diUBlR"
              data-cell-type="yearCell"
              data-value="Fri, 01 Jan 2021 09:00:00 GMT"
            >
              <div
                class="DefaultCell__LeftHalf-sc-a39ffd1b-1 heavWc"
              />
              <div
                class="DefaultCell__RightHalf-sc-a39ffd1b-2 hMKzer"
              />
              <div
                class="DefaultCell__Cell-sc-a39ffd1b-3 iXAtef"
              >
                2021
              </div>
            </div>
            <div
              class="DefaultCell__CellContainer-sc-a39ffd1b-0 diUBlR"
              data-cell-type="yearCell"
              data-value="Sat, 01 Jan 2022 09:00:00 GMT"
            >
              <div
                class="DefaultCell__LeftHalf-sc-a39ffd1b-1 heavWc"
              />
              <div
                class="DefaultCell__RightHalf-sc-a39ffd1b-2 hMKzer"
              />
              <div
                class="DefaultCell__Cell-sc-a39ffd1b-3 iXAtef"
              >
                2022
              </div>
            </div>
            <div
              class="DefaultCell__CellContainer-sc-a39ffd1b-0 diUBlR"
              data-cell-type="yearCell"
              data-value="Sun, 01 Jan 2023 09:00:00 GMT"
            >
              <div
                class="DefaultCell__LeftHalf-sc-a39ffd1b-1 heavWc"
              />
              <div
                class="DefaultCell__RightHalf-sc-a39ffd1b-2 hMKzer"
              />
              <div
                class="DefaultCell__Cell-sc-a39ffd1b-3 iXAtef"
              >
                2023
              </div>
            </div>
            <div
              class="DefaultCell__CellContainer-sc-a39ffd1b-0 diUBlR"
              data-cell-type="yearCell"
              data-is-current-year="true"
              data-value="Mon, 01 Jan 2024 09:00:00 GMT"
            >
              <div
                class="DefaultCell__LeftHalf-sc-a39ffd1b-1 heavWc"
              />
              <div
                class="DefaultCell__RightHalf-sc-a39ffd1b-2 hMKzer"
              />
              <div
                class="DefaultCell__Cell-sc-a39ffd1b-3 hUwjxx"
              >
                2024
              </div>
            </div>
            <div
              class="DefaultCell__CellContainer-sc-a39ffd1b-0 diUBlR"
              data-cell-type="yearCell"
              data-value="Wed, 01 Jan 2025 09:00:00 GMT"
            >
              <div
                class="DefaultCell__LeftHalf-sc-a39ffd1b-1 heavWc"
              />
              <div
                class="DefaultCell__RightHalf-sc-a39ffd1b-2 hMKzer"
              />
              <div
                class="DefaultCell__Cell-sc-a39ffd1b-3 iXAtef"
              >
                2025
              </div>
            </div>
            <div
              class="DefaultCell__CellContainer-sc-a39ffd1b-0 diUBlR"
              data-cell-type="yearCell"
              data-value="Thu, 01 Jan 2026 09:00:00 GMT"
            >
              <div
                class="DefaultCell__LeftHalf-sc-a39ffd1b-1 heavWc"
              />
              <div
                class="DefaultCell__RightHalf-sc-a39ffd1b-2 hMKzer"
              />
              <div
                class="DefaultCell__Cell-sc-a39ffd1b-3 iXAtef"
              >
                2026
              </div>
            </div>
            <div
              class="DefaultCell__CellContainer-sc-a39ffd1b-0 diUBlR"
              data-cell-type="yearCell"
              data-value="Fri, 01 Jan 2027 09:00:00 GMT"
            >
              <div
                class="DefaultCell__LeftHalf-sc-a39ffd1b-1 heavWc"
              />
              <div
                class="DefaultCell__RightHalf-sc-a39ffd1b-2 hMKzer"
              />
              <div
                class="DefaultCell__Cell-sc-a39ffd1b-3 iXAtef"
              >
                2027
              </div>
            </div>
            <div
              class="DefaultCell__CellContainer-sc-a39ffd1b-0 diUBlR"
              data-cell-type="yearCell"
              data-value="Sat, 01 Jan 2028 09:00:00 GMT"
            >
              <div
                class="DefaultCell__LeftHalf-sc-a39ffd1b-1 heavWc"
              />
              <div
                class="DefaultCell__RightHalf-sc-a39ffd1b-2 hMKzer"
              />
              <div
                class="DefaultCell__Cell-sc-a39ffd1b-3 iXAtef"
              >
                2028
              </div>
            </div>
            <div
              class="DefaultCell__CellContainer-sc-a39ffd1b-0 diUBlR"
              data-cell-type="yearCell"
              data-value="Mon, 01 Jan 2029 09:00:00 GMT"
            >
              <div
                class="DefaultCell__LeftHalf-sc-a39ffd1b-1 heavWc"
              />
              <div
                class="DefaultCell__RightHalf-sc-a39ffd1b-2 hMKzer"
              />
              <div
                class="DefaultCell__Cell-sc-a39ffd1b-3 iXAtef"
              >
                2029
              </div>
            </div>
            <div
              class="DefaultCell__CellContainer-sc-a39ffd1b-0 diUBlR"
              data-cell-type="yearCell"
              data-value="Tue, 01 Jan 2030 09:00:00 GMT"
            >
              <div
                class="DefaultCell__LeftHalf-sc-a39ffd1b-1 heavWc"
              />
              <div
                class="DefaultCell__RightHalf-sc-a39ffd1b-2 hMKzer"
              />
              <div
                class="DefaultCell__Cell-sc-a39ffd1b-3 iXAtef"
              >
                2030
              </div>
            </div>
            <div
              class="DefaultCell__CellContainer-sc-a39ffd1b-0 diUBlR"
              data-cell-type="yearCell"
              data-value="Wed, 01 Jan 2031 09:00:00 GMT"
            >
              <div
                class="DefaultCell__LeftHalf-sc-a39ffd1b-1 heavWc"
              />
              <div
                class="DefaultCell__RightHalf-sc-a39ffd1b-2 hMKzer"
              />
              <div
                class="DefaultCell__Cell-sc-a39ffd1b-3 iXAtef"
              >
                2031
              </div>
            </div>
            <div
              class="DefaultCell__CellContainer-sc-a39ffd1b-0 diUBlR"
              data-cell-type="yearCell"
              data-value="Thu, 01 Jan 2032 09:00:00 GMT"
            >
              <div
                class="DefaultCell__LeftHalf-sc-a39ffd1b-1 heavWc"
              />
              <div
                class="DefaultCell__RightHalf-sc-a39ffd1b-2 hMKzer"
              />
              <div
                class="DefaultCell__Cell-sc-a39ffd1b-3 iXAtef"
              >
                2032
              </div>
            </div>
            <div
              class="DefaultCell__CellContainer-sc-a39ffd1b-0 diUBlR"
              data-cell-type="yearCell"
              data-value="Sat, 01 Jan 2033 09:00:00 GMT"
            >
              <div
                class="DefaultCell__LeftHalf-sc-a39ffd1b-1 heavWc"
              />
              <div
                class="DefaultCell__RightHalf-sc-a39ffd1b-2 hMKzer"
              />
              <div
                class="DefaultCell__Cell-sc-a39ffd1b-3 iXAtef"
              >
                2033
              </div>
            </div>
            <div
              class="DefaultCell__CellContainer-sc-a39ffd1b-0 diUBlR"
              data-cell-type="yearCell"
              data-value="Sun, 01 Jan 2034 09:00:00 GMT"
            >
              <div
                class="DefaultCell__LeftHalf-sc-a39ffd1b-1 heavWc"
              />
              <div
                class="DefaultCell__RightHalf-sc-a39ffd1b-2 hMKzer"
              />
              <div
                class="DefaultCell__Cell-sc-a39ffd1b-3 iXAtef"
              >
                2034
              </div>
            </div>
            <div
              class="DefaultCell__CellContainer-sc-a39ffd1b-0 diUBlR"
              data-cell-type="yearCell"
              data-value="Mon, 01 Jan 2035 09:00:00 GMT"
            >
              <div
                class="DefaultCell__LeftHalf-sc-a39ffd1b-1 heavWc"
              />
              <div
                class="DefaultCell__RightHalf-sc-a39ffd1b-2 hMKzer"
              />
              <div
                class="DefaultCell__Cell-sc-a39ffd1b-3 iXAtef"
              >
                2035
              </div>
            </div>
            <div
              class="DefaultCell__CellContainer-sc-a39ffd1b-0 diUBlR"
              data-cell-type="yearCell"
              data-value="Tue, 01 Jan 2036 09:00:00 GMT"
            >
              <div
                class="DefaultCell__LeftHalf-sc-a39ffd1b-1 heavWc"
              />
              <div
                class="DefaultCell__RightHalf-sc-a39ffd1b-2 hMKzer"
              />
              <div
                class="DefaultCell__Cell-sc-a39ffd1b-3 iXAtef"
              >
                2036
              </div>
            </div>
            <div
              class="DefaultCell__CellContainer-sc-a39ffd1b-0 diUBlR"
              data-cell-type="yearCell"
              data-value="Thu, 01 Jan 2037 09:00:00 GMT"
            >
              <div
                class="DefaultCell__LeftHalf-sc-a39ffd1b-1 heavWc"
              />
              <div
                class="DefaultCell__RightHalf-sc-a39ffd1b-2 hMKzer"
              />
              <div
                class="DefaultCell__Cell-sc-a39ffd1b-3 iXAtef"
              >
                2037
              </div>
            </div>
            <div
              class="DefaultCell__CellContainer-sc-a39ffd1b-0 diUBlR"
              data-cell-type="yearCell"
              data-value="Fri, 01 Jan 2038 09:00:00 GMT"
            >
              <div
                class="DefaultCell__LeftHalf-sc-a39ffd1b-1 heavWc"
              />
              <div
                class="DefaultCell__RightHalf-sc-a39ffd1b-2 hMKzer"
              />
              <div
                class="DefaultCell__Cell-sc-a39ffd1b-3 iXAtef"
              >
                2038
              </div>
            </div>
            <div
              class="DefaultCell__CellContainer-sc-a39ffd1b-0 diUBlR"
              data-cell-type="yearCell"
              data-value="Sat, 01 Jan 2039 09:00:00 GMT"
            >
              <div
                class="DefaultCell__LeftHalf-sc-a39ffd1b-1 heavWc"
              />
              <div
                class="DefaultCell__RightHalf-sc-a39ffd1b-2 hMKzer"
              />
              <div
                class="DefaultCell__Cell-sc-a39ffd1b-3 iXAtef"
              >
                2039
              </div>
            </div>
            <div
              class="DefaultCell__CellContainer-sc-a39ffd1b-0 diUBlR"
              data-cell-type="yearCell"
              data-value="Sun, 01 Jan 2040 09:00:00 GMT"
            >
              <div
                class="DefaultCell__LeftHalf-sc-a39ffd1b-1 heavWc"
              />
              <div
                class="DefaultCell__RightHalf-sc-a39ffd1b-2 hMKzer"
              />
              <div
                class="DefaultCell__Cell-sc-a39ffd1b-3 iXAtef"
              >
                2040
              </div>
            </div>
          </div>
        </div>
      </div>
    </div>
    <div
      class="calendarStyle__SingleContainer-sc-134889c1-2 ipVvsv"
    >
      <div
        class="MonthNavigationPanelWidget__MonthNavigationPanelWrapper-sc-a9d285bb-0 fwtZpC"
      >
        <button
          class="sc-dAlxHm iZWNbA"
          data-panel-target-type="left"
          type="button"
        >
          <div
            aria-hidden="true"
            class="sc-kpDprT iRbtbt"
          />
          <div
            aria-hidden="true"
            class="sc-dhKdPU AkbOK"
          >
            <svg
              fill="none"
              focusable="false"
              viewBox="0 0 24 24"
              xmlns="http://www.w3.org/2000/svg"
            >
              <defs>
                <clippath
                  id="Chevron_Left_Outline_svg__a"
                >
                  <path
                    d="M0 0h24v24H0z"
                    fill="#fff"
                    fill-opacity="0"
                  />
                </clippath>
              </defs>
              <g
                clip-path="url(#Chevron_Left_Outline_svg__a)"
              >
                <path
                  d="M14.5 18.75c.18 0 .35-.07.48-.21.24-.27.22-.68-.04-.92l-6.37-5.74 6.41-5.55a.65.65 0 0 0 .04-.92.66.66 0 0 0-.92-.04l-6.9 5.99c-.31.28-.31.76 0 1.04l6.86 6.18c.13.12.28.17.44.17"
                  fill="#717681"
                />
              </g>
            </svg>
          </div>
        </button>
        <div
          class="MonthNavigationPanelWidget__MonthYearWrapper-sc-a9d285bb-1 cRCyrz"
        >
          <div
            class="MonthNavigationPanelWidget__TextWrapper-sc-a9d285bb-2 fPXAQY"
            data-panel-target-type="month"
          >
            Июнь
          </div>
          <div
            class="MonthNavigationPanelWidget__TextWrapper-sc-a9d285bb-2 fPXAQY"
            data-panel-target-type="year"
          >
            2024
          </div>
        </div>
        <button
          class="sc-dAlxHm iZWNbA"
          data-panel-target-type="right"
          type="button"
        >
          <div
            aria-hidden="true"
            class="sc-kpDprT iRbtbt"
          />
          <div
            aria-hidden="true"
            class="sc-dhKdPU AkbOK"
          >
            <svg
              fill="none"
              focusable="false"
              viewBox="0 0 24 24"
              xmlns="http://www.w3.org/2000/svg"
            >
              <defs>
                <clippath
                  id="Chevron_Right_Outline_svg__a"
                >
                  <path
                    d="M0 0h24v24H0z"
                    fill="#fff"
                    fill-opacity="0"
                  />
                </clippath>
              </defs>
              <g
                clip-path="url(#Chevron_Right_Outline_svg__a)"
              >
                <path
                  d="M9.47 18.75c-.18 0-.35-.07-.48-.21a.66.66 0 0 1 .04-.92l6.37-5.74-6.41-5.55a.65.65 0 0 1-.04-.92c.24-.26.65-.28.92-.04l6.9 5.99c.31.28.31.76 0 1.04l-6.86 6.18c-.13.12-.28.17-.44.17"
                  fill="#717681"
                />
              </g>
            </svg>
          </div>
        </button>
      </div>
      <div
        class="calendarStyle__CalendarContainer-sc-134889c1-3 ipYRFf"
      >
        <div
          class="DatesOfMonthWidget__DatesOfMonthWrapper-sc-1f15ac37-0 hvbvIZ calendarStyle__DateRangeCalendarView-sc-134889c1-4 cPLSkx"
          data-container-type="datesOfMonthWrapper"
        >
          <div
            class="Days__DayNamesWrapper-sc-b0fbd5b1-0 bQhrmp"
          >
            <div
              class="Days__DayNameCell-sc-b0fbd5b1-1 fVvDva"
              data-cell-type="dayCell"
              data-value="пн"
            >
              Пн
            </div>
            <div
              class="Days__DayNameCell-sc-b0fbd5b1-1 fVvDva"
              data-cell-type="dayCell"
              data-value="вт"
            >
              Вт
            </div>
            <div
              class="Days__DayNameCell-sc-b0fbd5b1-1 fVvDva"
              data-cell-type="dayCell"
              data-value="ср"
            >
              Ср
            </div>
            <div
              class="Days__DayNameCell-sc-b0fbd5b1-1 fVvDva"
              data-cell-type="dayCell"
              data-value="чт"
            >
              Чт
            </div>
            <div
              class="Days__DayNameCell-sc-b0fbd5b1-1 fVvDva"
              data-cell-type="dayCell"
              data-value="пт"
            >
              Пт
            </div>
            <div
              class="Days__DayNameCell-sc-b0fbd5b1-1 fVvDva"
              data-cell-type="dayCell"
              data-value="сб"
            >
              Сб
            </div>
            <div
              class="Days__DayNameCell-sc-b0fbd5b1-1 fVvDva"
              data-cell-type="dayCell"
              data-value="вс"
            >
              Вс
            </div>
          </div>
          <div
            class="Dates__DatesWrapper-sc-c9a4637b-0 hgEKQR"
            data-container-type="datesWrapper"
          >
            <div
              class="DefaultCell__CellContainer-sc-a39ffd1b-0 ljQKIS"
              data-cell-type="dateCell"
              data-hidden-cell="true"
              data-is-outside-month-date="true"
              data-is-start-of-week-cell="true"
              data-value="2024-05-27"
            >
              <div
                class="DefaultCell__LeftHalf-sc-a39ffd1b-1 dBmMda"
              />
              <div
                class="DefaultCell__RightHalf-sc-a39ffd1b-2 hMKzer"
              />
              <div
                class="DefaultCell__Cell-sc-a39ffd1b-3 FpoHh"
              >
                27
              </div>
            </div>
            <div
              class="DefaultCell__CellContainer-sc-a39ffd1b-0 ljQKIS"
              data-cell-type="dateCell"
              data-hidden-cell="true"
              data-is-current-day-cell="true"
              data-is-outside-month-date="true"
              data-value="2024-05-28"
            >
              <div
                class="DefaultCell__LeftHalf-sc-a39ffd1b-1 heavWc"
              />
              <div
                class="DefaultCell__RightHalf-sc-a39ffd1b-2 hMKzer"
              />
              <div
                class="DefaultCell__Cell-sc-a39ffd1b-3 FpoHh"
              >
                28
              </div>
            </div>
            <div
              class="DefaultCell__CellContainer-sc-a39ffd1b-0 ljQKIS"
              data-cell-type="dateCell"
              data-hidden-cell="true"
              data-is-outside-month-date="true"
              data-value="2024-05-29"
            >
              <div
                class="DefaultCell__LeftHalf-sc-a39ffd1b-1 heavWc"
              />
              <div
                class="DefaultCell__RightHalf-sc-a39ffd1b-2 hMKzer"
              />
              <div
                class="DefaultCell__Cell-sc-a39ffd1b-3 FpoHh"
              >
                29
              </div>
            </div>
            <div
              class="DefaultCell__CellContainer-sc-a39ffd1b-0 ljQKIS"
              data-cell-type="dateCell"
              data-hidden-cell="true"
              data-is-outside-month-date="true"
              data-value="2024-05-30"
            >
              <div
                class="DefaultCell__LeftHalf-sc-a39ffd1b-1 heavWc"
              />
              <div
                class="DefaultCell__RightHalf-sc-a39ffd1b-2 hMKzer"
              />
              <div
                class="DefaultCell__Cell-sc-a39ffd1b-3 FpoHh"
              >
                30
              </div>
            </div>
            <div
              class="DefaultCell__CellContainer-sc-a39ffd1b-0 ljQKIS"
              data-cell-type="dateCell"
              data-hidden-cell="true"
              data-is-end-of-week-cell="true"
              data-is-outside-month-date="true"
              data-value="2024-05-31"
            >
              <div
                class="DefaultCell__LeftHalf-sc-a39ffd1b-1 heavWc"
              />
              <div
                class="DefaultCell__RightHalf-sc-a39ffd1b-2 grRHsh"
              />
              <div
                class="DefaultCell__Cell-sc-a39ffd1b-3 FpoHh"
              >
                31
              </div>
            </div>
            <div
              class="DefaultCell__CellContainer-sc-a39ffd1b-0 ljQKIS"
              data-cell-type="dateCell"
              data-is-start-of-week-cell="true"
              data-value="2024-06-01"
            >
              <div
                class="DefaultCell__LeftHalf-sc-a39ffd1b-1 dBmMda"
              />
              <div
                class="DefaultCell__RightHalf-sc-a39ffd1b-2 hMKzer"
              />
              <div
                class="DefaultCell__Cell-sc-a39ffd1b-3 lidRvq"
              >
                1
              </div>
            </div>
            <div
              class="DefaultCell__CellContainer-sc-a39ffd1b-0 ljQKIS"
              data-cell-type="dateCell"
              data-is-end-of-week-cell="true"
              data-value="2024-06-02"
            >
              <div
                class="DefaultCell__LeftHalf-sc-a39ffd1b-1 heavWc"
              />
              <div
                class="DefaultCell__RightHalf-sc-a39ffd1b-2 grRHsh"
              />
              <div
                class="DefaultCell__Cell-sc-a39ffd1b-3 lidRvq"
              >
                2
              </div>
            </div>
            <div
              class="DefaultCell__CellContainer-sc-a39ffd1b-0 ljQKIS"
              data-cell-type="dateCell"
              data-is-start-of-week-cell="true"
              data-value="2024-06-03"
            >
              <div
                class="DefaultCell__LeftHalf-sc-a39ffd1b-1 dBmMda"
              />
              <div
                class="DefaultCell__RightHalf-sc-a39ffd1b-2 hMKzer"
              />
              <div
                class="DefaultCell__Cell-sc-a39ffd1b-3 lidRvq"
              >
                3
              </div>
            </div>
            <div
              class="DefaultCell__CellContainer-sc-a39ffd1b-0 ljQKIS"
              data-cell-type="dateCell"
              data-value="2024-06-04"
            >
              <div
                class="DefaultCell__LeftHalf-sc-a39ffd1b-1 heavWc"
              />
              <div
                class="DefaultCell__RightHalf-sc-a39ffd1b-2 hMKzer"
              />
              <div
                class="DefaultCell__Cell-sc-a39ffd1b-3 lidRvq"
              >
                4
              </div>
            </div>
            <div
              class="DefaultCell__CellContainer-sc-a39ffd1b-0 ljQKIS"
              data-cell-type="dateCell"
              data-value="2024-06-05"
            >
              <div
                class="DefaultCell__LeftHalf-sc-a39ffd1b-1 heavWc"
              />
              <div
                class="DefaultCell__RightHalf-sc-a39ffd1b-2 hMKzer"
              />
              <div
                class="DefaultCell__Cell-sc-a39ffd1b-3 lidRvq"
              >
                5
              </div>
            </div>
            <div
              class="DefaultCell__CellContainer-sc-a39ffd1b-0 ljQKIS"
              data-cell-type="dateCell"
              data-value="2024-06-06"
            >
              <div
                class="DefaultCell__LeftHalf-sc-a39ffd1b-1 heavWc"
              />
              <div
                class="DefaultCell__RightHalf-sc-a39ffd1b-2 hMKzer"
              />
              <div
                class="DefaultCell__Cell-sc-a39ffd1b-3 lidRvq"
              >
                6
              </div>
            </div>
            <div
              class="DefaultCell__CellContainer-sc-a39ffd1b-0 ljQKIS"
              data-cell-type="dateCell"
              data-value="2024-06-07"
            >
              <div
                class="DefaultCell__LeftHalf-sc-a39ffd1b-1 heavWc"
              />
              <div
                class="DefaultCell__RightHalf-sc-a39ffd1b-2 hMKzer"
              />
              <div
                class="DefaultCell__Cell-sc-a39ffd1b-3 lidRvq"
              >
                7
              </div>
            </div>
            <div
              class="DefaultCell__CellContainer-sc-a39ffd1b-0 ljQKIS"
              data-cell-type="dateCell"
              data-value="2024-06-08"
            >
              <div
                class="DefaultCell__LeftHalf-sc-a39ffd1b-1 heavWc"
              />
              <div
                class="DefaultCell__RightHalf-sc-a39ffd1b-2 hMKzer"
              />
              <div
                class="DefaultCell__Cell-sc-a39ffd1b-3 lidRvq"
              >
                8
              </div>
            </div>
            <div
              class="DefaultCell__CellContainer-sc-a39ffd1b-0 ljQKIS"
              data-cell-type="dateCell"
              data-is-end-of-week-cell="true"
              data-value="2024-06-09"
            >
              <div
                class="DefaultCell__LeftHalf-sc-a39ffd1b-1 heavWc"
              />
              <div
                class="DefaultCell__RightHalf-sc-a39ffd1b-2 grRHsh"
              />
              <div
                class="DefaultCell__Cell-sc-a39ffd1b-3 lidRvq"
              >
                9
              </div>
            </div>
            <div
              class="DefaultCell__CellContainer-sc-a39ffd1b-0 ljQKIS"
              data-cell-type="dateCell"
              data-is-start-of-week-cell="true"
              data-value="2024-06-10"
            >
              <div
                class="DefaultCell__LeftHalf-sc-a39ffd1b-1 dBmMda"
              />
              <div
                class="DefaultCell__RightHalf-sc-a39ffd1b-2 hMKzer"
              />
              <div
                class="DefaultCell__Cell-sc-a39ffd1b-3 lidRvq"
              >
                10
              </div>
            </div>
            <div
              class="DefaultCell__CellContainer-sc-a39ffd1b-0 ljQKIS"
              data-cell-type="dateCell"
              data-value="2024-06-11"
            >
              <div
                class="DefaultCell__LeftHalf-sc-a39ffd1b-1 heavWc"
              />
              <div
                class="DefaultCell__RightHalf-sc-a39ffd1b-2 hMKzer"
              />
              <div
                class="DefaultCell__Cell-sc-a39ffd1b-3 lidRvq"
              >
                11
              </div>
            </div>
            <div
              class="DefaultCell__CellContainer-sc-a39ffd1b-0 ljQKIS"
              data-cell-type="dateCell"
              data-value="2024-06-12"
            >
              <div
                class="DefaultCell__LeftHalf-sc-a39ffd1b-1 heavWc"
              />
              <div
                class="DefaultCell__RightHalf-sc-a39ffd1b-2 hMKzer"
              />
              <div
                class="DefaultCell__Cell-sc-a39ffd1b-3 lidRvq"
              >
                12
              </div>
            </div>
            <div
              class="DefaultCell__CellContainer-sc-a39ffd1b-0 ljQKIS"
              data-cell-type="dateCell"
              data-value="2024-06-13"
            >
              <div
                class="DefaultCell__LeftHalf-sc-a39ffd1b-1 heavWc"
              />
              <div
                class="DefaultCell__RightHalf-sc-a39ffd1b-2 hMKzer"
              />
              <div
                class="DefaultCell__Cell-sc-a39ffd1b-3 lidRvq"
              >
                13
              </div>
            </div>
            <div
              class="DefaultCell__CellContainer-sc-a39ffd1b-0 ljQKIS"
              data-cell-type="dateCell"
              data-value="2024-06-14"
            >
              <div
                class="DefaultCell__LeftHalf-sc-a39ffd1b-1 heavWc"
              />
              <div
                class="DefaultCell__RightHalf-sc-a39ffd1b-2 hMKzer"
              />
              <div
                class="DefaultCell__Cell-sc-a39ffd1b-3 lidRvq"
              >
                14
              </div>
            </div>
            <div
              class="DefaultCell__CellContainer-sc-a39ffd1b-0 ljQKIS"
              data-cell-type="dateCell"
              data-value="2024-06-15"
            >
              <div
                class="DefaultCell__LeftHalf-sc-a39ffd1b-1 heavWc"
              />
              <div
                class="DefaultCell__RightHalf-sc-a39ffd1b-2 hMKzer"
              />
              <div
                class="DefaultCell__Cell-sc-a39ffd1b-3 lidRvq"
              >
                15
              </div>
            </div>
            <div
              class="DefaultCell__CellContainer-sc-a39ffd1b-0 ljQKIS"
              data-cell-type="dateCell"
              data-is-end-of-week-cell="true"
              data-value="2024-06-16"
            >
              <div
                class="DefaultCell__LeftHalf-sc-a39ffd1b-1 heavWc"
              />
              <div
                class="DefaultCell__RightHalf-sc-a39ffd1b-2 grRHsh"
              />
              <div
                class="DefaultCell__Cell-sc-a39ffd1b-3 lidRvq"
              >
                16
              </div>
            </div>
            <div
              class="DefaultCell__CellContainer-sc-a39ffd1b-0 ljQKIS"
              data-cell-type="dateCell"
              data-is-start-of-week-cell="true"
              data-value="2024-06-17"
            >
              <div
                class="DefaultCell__LeftHalf-sc-a39ffd1b-1 dBmMda"
              />
              <div
                class="DefaultCell__RightHalf-sc-a39ffd1b-2 hMKzer"
              />
              <div
                class="DefaultCell__Cell-sc-a39ffd1b-3 lidRvq"
              >
                17
              </div>
            </div>
            <div
              class="DefaultCell__CellContainer-sc-a39ffd1b-0 ljQKIS"
              data-cell-type="dateCell"
              data-value="2024-06-18"
            >
              <div
                class="DefaultCell__LeftHalf-sc-a39ffd1b-1 heavWc"
              />
              <div
                class="DefaultCell__RightHalf-sc-a39ffd1b-2 hMKzer"
              />
              <div
                class="DefaultCell__Cell-sc-a39ffd1b-3 lidRvq"
              >
                18
              </div>
            </div>
            <div
              class="DefaultCell__CellContainer-sc-a39ffd1b-0 ljQKIS"
              data-cell-type="dateCell"
              data-value="2024-06-19"
            >
              <div
                class="DefaultCell__LeftHalf-sc-a39ffd1b-1 heavWc"
              />
              <div
                class="DefaultCell__RightHalf-sc-a39ffd1b-2 hMKzer"
              />
              <div
                class="DefaultCell__Cell-sc-a39ffd1b-3 lidRvq"
              >
                19
              </div>
            </div>
            <div
              class="DefaultCell__CellContainer-sc-a39ffd1b-0 ljQKIS"
              data-cell-type="dateCell"
              data-value="2024-06-20"
            >
              <div
                class="DefaultCell__LeftHalf-sc-a39ffd1b-1 heavWc"
              />
              <div
                class="DefaultCell__RightHalf-sc-a39ffd1b-2 hMKzer"
              />
              <div
                class="DefaultCell__Cell-sc-a39ffd1b-3 lidRvq"
              >
                20
              </div>
            </div>
            <div
              class="DefaultCell__CellContainer-sc-a39ffd1b-0 ljQKIS"
              data-cell-type="dateCell"
              data-value="2024-06-21"
            >
              <div
                class="DefaultCell__LeftHalf-sc-a39ffd1b-1 heavWc"
              />
              <div
                class="DefaultCell__RightHalf-sc-a39ffd1b-2 hMKzer"
              />
              <div
                class="DefaultCell__Cell-sc-a39ffd1b-3 lidRvq"
              >
                21
              </div>
            </div>
            <div
              class="DefaultCell__CellContainer-sc-a39ffd1b-0 ljQKIS"
              data-cell-type="dateCell"
              data-value="2024-06-22"
            >
              <div
                class="DefaultCell__LeftHalf-sc-a39ffd1b-1 heavWc"
              />
              <div
                class="DefaultCell__RightHalf-sc-a39ffd1b-2 hMKzer"
              />
              <div
                class="DefaultCell__Cell-sc-a39ffd1b-3 lidRvq"
              >
                22
              </div>
            </div>
            <div
              class="DefaultCell__CellContainer-sc-a39ffd1b-0 ljQKIS"
              data-cell-type="dateCell"
              data-is-end-of-week-cell="true"
              data-value="2024-06-23"
            >
              <div
                class="DefaultCell__LeftHalf-sc-a39ffd1b-1 heavWc"
              />
              <div
                class="DefaultCell__RightHalf-sc-a39ffd1b-2 grRHsh"
              />
              <div
                class="DefaultCell__Cell-sc-a39ffd1b-3 lidRvq"
              >
                23
              </div>
            </div>
            <div
              class="DefaultCell__CellContainer-sc-a39ffd1b-0 ljQKIS"
              data-cell-type="dateCell"
              data-is-start-of-week-cell="true"
              data-value="2024-06-24"
            >
              <div
                class="DefaultCell__LeftHalf-sc-a39ffd1b-1 dBmMda"
              />
              <div
                class="DefaultCell__RightHalf-sc-a39ffd1b-2 hMKzer"
              />
              <div
                class="DefaultCell__Cell-sc-a39ffd1b-3 lidRvq"
              >
                24
              </div>
            </div>
            <div
              class="DefaultCell__CellContainer-sc-a39ffd1b-0 ljQKIS"
              data-cell-type="dateCell"
              data-value="2024-06-25"
            >
              <div
                class="DefaultCell__LeftHalf-sc-a39ffd1b-1 heavWc"
              />
              <div
                class="DefaultCell__RightHalf-sc-a39ffd1b-2 hMKzer"
              />
              <div
                class="DefaultCell__Cell-sc-a39ffd1b-3 lidRvq"
              >
                25
              </div>
            </div>
            <div
              class="DefaultCell__CellContainer-sc-a39ffd1b-0 ljQKIS"
              data-cell-type="dateCell"
              data-value="2024-06-26"
            >
              <div
                class="DefaultCell__LeftHalf-sc-a39ffd1b-1 heavWc"
              />
              <div
                class="DefaultCell__RightHalf-sc-a39ffd1b-2 hMKzer"
              />
              <div
                class="DefaultCell__Cell-sc-a39ffd1b-3 lidRvq"
              >
                26
              </div>
            </div>
            <div
              class="DefaultCell__CellContainer-sc-a39ffd1b-0 ljQKIS"
              data-cell-type="dateCell"
              data-value="2024-06-27"
            >
              <div
                class="DefaultCell__LeftHalf-sc-a39ffd1b-1 heavWc"
              />
              <div
                class="DefaultCell__RightHalf-sc-a39ffd1b-2 hMKzer"
              />
              <div
                class="DefaultCell__Cell-sc-a39ffd1b-3 lidRvq"
              >
                27
              </div>
            </div>
            <div
              class="DefaultCell__CellContainer-sc-a39ffd1b-0 ljQKIS"
              data-cell-type="dateCell"
              data-value="2024-06-28"
            >
              <div
                class="DefaultCell__LeftHalf-sc-a39ffd1b-1 heavWc"
              />
              <div
                class="DefaultCell__RightHalf-sc-a39ffd1b-2 hMKzer"
              />
              <div
                class="DefaultCell__Cell-sc-a39ffd1b-3 lidRvq"
              >
                28
              </div>
            </div>
            <div
              class="DefaultCell__CellContainer-sc-a39ffd1b-0 ljQKIS"
              data-cell-type="dateCell"
              data-value="2024-06-29"
            >
              <div
                class="DefaultCell__LeftHalf-sc-a39ffd1b-1 heavWc"
              />
              <div
                class="DefaultCell__RightHalf-sc-a39ffd1b-2 hMKzer"
              />
              <div
                class="DefaultCell__Cell-sc-a39ffd1b-3 lidRvq"
              >
                29
              </div>
            </div>
            <div
              class="DefaultCell__CellContainer-sc-a39ffd1b-0 ljQKIS"
              data-cell-type="dateCell"
              data-is-end-of-week-cell="true"
              data-value="2024-06-30"
            >
              <div
                class="DefaultCell__LeftHalf-sc-a39ffd1b-1 heavWc"
              />
              <div
                class="DefaultCell__RightHalf-sc-a39ffd1b-2 grRHsh"
              />
              <div
                class="DefaultCell__Cell-sc-a39ffd1b-3 lidRvq"
              >
                30
              </div>
            </div>
            <div
              class="DefaultCell__CellContainer-sc-a39ffd1b-0 ljQKIS"
              data-cell-type="dateCell"
              data-hidden-cell="true"
              data-is-outside-month-date="true"
              data-is-start-of-week-cell="true"
              data-value="2024-07-01"
            >
              <div
                class="DefaultCell__LeftHalf-sc-a39ffd1b-1 dBmMda"
              />
              <div
                class="DefaultCell__RightHalf-sc-a39ffd1b-2 hMKzer"
              />
              <div
                class="DefaultCell__Cell-sc-a39ffd1b-3 FpoHh"
              >
                1
              </div>
            </div>
            <div
              class="DefaultCell__CellContainer-sc-a39ffd1b-0 ljQKIS"
              data-cell-type="dateCell"
              data-hidden-cell="true"
              data-is-outside-month-date="true"
              data-value="2024-07-02"
            >
              <div
                class="DefaultCell__LeftHalf-sc-a39ffd1b-1 heavWc"
              />
              <div
                class="DefaultCell__RightHalf-sc-a39ffd1b-2 hMKzer"
              />
              <div
                class="DefaultCell__Cell-sc-a39ffd1b-3 FpoHh"
              >
                2
              </div>
            </div>
            <div
              class="DefaultCell__CellContainer-sc-a39ffd1b-0 ljQKIS"
              data-cell-type="dateCell"
              data-hidden-cell="true"
              data-is-outside-month-date="true"
              data-value="2024-07-03"
            >
              <div
                class="DefaultCell__LeftHalf-sc-a39ffd1b-1 heavWc"
              />
              <div
                class="DefaultCell__RightHalf-sc-a39ffd1b-2 hMKzer"
              />
              <div
                class="DefaultCell__Cell-sc-a39ffd1b-3 FpoHh"
              >
                3
              </div>
            </div>
            <div
              class="DefaultCell__CellContainer-sc-a39ffd1b-0 ljQKIS"
              data-cell-type="dateCell"
              data-hidden-cell="true"
              data-is-outside-month-date="true"
              data-value="2024-07-04"
            >
              <div
                class="DefaultCell__LeftHalf-sc-a39ffd1b-1 heavWc"
              />
              <div
                class="DefaultCell__RightHalf-sc-a39ffd1b-2 hMKzer"
              />
              <div
                class="DefaultCell__Cell-sc-a39ffd1b-3 FpoHh"
              >
                4
              </div>
            </div>
            <div
              class="DefaultCell__CellContainer-sc-a39ffd1b-0 ljQKIS"
              data-cell-type="dateCell"
              data-hidden-cell="true"
              data-is-outside-month-date="true"
              data-value="2024-07-05"
            >
              <div
                class="DefaultCell__LeftHalf-sc-a39ffd1b-1 heavWc"
              />
              <div
                class="DefaultCell__RightHalf-sc-a39ffd1b-2 hMKzer"
              />
              <div
                class="DefaultCell__Cell-sc-a39ffd1b-3 FpoHh"
              >
                5
              </div>
            </div>
            <div
              class="DefaultCell__CellContainer-sc-a39ffd1b-0 ljQKIS"
              data-cell-type="dateCell"
              data-hidden-cell="true"
              data-is-outside-month-date="true"
              data-value="2024-07-06"
            >
              <div
                class="DefaultCell__LeftHalf-sc-a39ffd1b-1 heavWc"
              />
              <div
                class="DefaultCell__RightHalf-sc-a39ffd1b-2 hMKzer"
              />
              <div
                class="DefaultCell__Cell-sc-a39ffd1b-3 FpoHh"
              >
                6
              </div>
            </div>
            <div
              class="DefaultCell__CellContainer-sc-a39ffd1b-0 ljQKIS"
              data-cell-type="dateCell"
              data-hidden-cell="true"
              data-is-end-of-week-cell="true"
              data-is-outside-month-date="true"
              data-value="2024-07-07"
            >
              <div
                class="DefaultCell__LeftHalf-sc-a39ffd1b-1 heavWc"
              />
              <div
                class="DefaultCell__RightHalf-sc-a39ffd1b-2 grRHsh"
              />
              <div
                class="DefaultCell__Cell-sc-a39ffd1b-3 FpoHh"
              >
                7
              </div>
            </div>
          </div>
        </div>
        <div
          class="MonthsOfYearWidget__MonthsOfYearWrapper-sc-2e853a50-0 hHEHDK calendarStyle__MonthCalendarView-sc-134889c1-8 dUmLri"
          data-container-type="monthsOfYearWrapper"
        >
          <div
            class="Months__MonthsWrapper-sc-99900c60-0 jABJhv"
            data-container-type="monthsWrapper"
          >
            <div
              class="DefaultCell__CellContainer-sc-a39ffd1b-0 PAtFH"
              data-cell-type="monthCell"
              data-value="Mon, 01 Jan 2024 09:00:00 GMT"
            >
              <div
                class="DefaultCell__LeftHalf-sc-a39ffd1b-1 heavWc"
              />
              <div
                class="DefaultCell__RightHalf-sc-a39ffd1b-2 hMKzer"
              />
              <div
                class="DefaultCell__Cell-sc-a39ffd1b-3 iXAtef"
              >
                Январь
              </div>
            </div>
            <div
              class="DefaultCell__CellContainer-sc-a39ffd1b-0 PAtFH"
              data-cell-type="monthCell"
              data-value="Thu, 01 Feb 2024 09:00:00 GMT"
            >
              <div
                class="DefaultCell__LeftHalf-sc-a39ffd1b-1 heavWc"
              />
              <div
                class="DefaultCell__RightHalf-sc-a39ffd1b-2 hMKzer"
              />
              <div
                class="DefaultCell__Cell-sc-a39ffd1b-3 iXAtef"
              >
                Февраль
              </div>
            </div>
            <div
              class="DefaultCell__CellContainer-sc-a39ffd1b-0 PAtFH"
              data-cell-type="monthCell"
              data-value="Fri, 01 Mar 2024 09:00:00 GMT"
            >
              <div
                class="DefaultCell__LeftHalf-sc-a39ffd1b-1 heavWc"
              />
              <div
                class="DefaultCell__RightHalf-sc-a39ffd1b-2 hMKzer"
              />
              <div
                class="DefaultCell__Cell-sc-a39ffd1b-3 iXAtef"
              >
                Март
              </div>
            </div>
            <div
              class="DefaultCell__CellContainer-sc-a39ffd1b-0 PAtFH"
              data-cell-type="monthCell"
              data-value="Mon, 01 Apr 2024 09:00:00 GMT"
            >
              <div
                class="DefaultCell__LeftHalf-sc-a39ffd1b-1 heavWc"
              />
              <div
                class="DefaultCell__RightHalf-sc-a39ffd1b-2 hMKzer"
              />
              <div
                class="DefaultCell__Cell-sc-a39ffd1b-3 iXAtef"
              >
                Апрель
              </div>
            </div>
            <div
              class="DefaultCell__CellContainer-sc-a39ffd1b-0 PAtFH"
              data-cell-type="monthCell"
              data-is-current-month="true"
              data-value="Wed, 01 May 2024 09:00:00 GMT"
            >
              <div
                class="DefaultCell__LeftHalf-sc-a39ffd1b-1 heavWc"
              />
              <div
                class="DefaultCell__RightHalf-sc-a39ffd1b-2 hMKzer"
              />
              <div
                class="DefaultCell__Cell-sc-a39ffd1b-3 hUwjxx"
              >
                Май
              </div>
            </div>
            <div
              class="DefaultCell__CellContainer-sc-a39ffd1b-0 PAtFH"
              data-cell-type="monthCell"
              data-value="Sat, 01 Jun 2024 09:00:00 GMT"
            >
              <div
                class="DefaultCell__LeftHalf-sc-a39ffd1b-1 heavWc"
              />
              <div
                class="DefaultCell__RightHalf-sc-a39ffd1b-2 hMKzer"
              />
              <div
                class="DefaultCell__Cell-sc-a39ffd1b-3 iXAtef"
              >
                Июнь
              </div>
            </div>
            <div
              class="DefaultCell__CellContainer-sc-a39ffd1b-0 PAtFH"
              data-cell-type="monthCell"
              data-value="Mon, 01 Jul 2024 09:00:00 GMT"
            >
              <div
                class="DefaultCell__LeftHalf-sc-a39ffd1b-1 heavWc"
              />
              <div
                class="DefaultCell__RightHalf-sc-a39ffd1b-2 hMKzer"
              />
              <div
                class="DefaultCell__Cell-sc-a39ffd1b-3 iXAtef"
              >
                Июль
              </div>
            </div>
            <div
              class="DefaultCell__CellContainer-sc-a39ffd1b-0 PAtFH"
              data-cell-type="monthCell"
              data-value="Thu, 01 Aug 2024 09:00:00 GMT"
            >
              <div
                class="DefaultCell__LeftHalf-sc-a39ffd1b-1 heavWc"
              />
              <div
                class="DefaultCell__RightHalf-sc-a39ffd1b-2 hMKzer"
              />
              <div
                class="DefaultCell__Cell-sc-a39ffd1b-3 iXAtef"
              >
                Август
              </div>
            </div>
            <div
              class="DefaultCell__CellContainer-sc-a39ffd1b-0 PAtFH"
              data-cell-type="monthCell"
              data-value="Sun, 01 Sep 2024 09:00:00 GMT"
            >
              <div
                class="DefaultCell__LeftHalf-sc-a39ffd1b-1 heavWc"
              />
              <div
                class="DefaultCell__RightHalf-sc-a39ffd1b-2 hMKzer"
              />
              <div
                class="DefaultCell__Cell-sc-a39ffd1b-3 iXAtef"
              >
                Сентябрь
              </div>
            </div>
            <div
              class="DefaultCell__CellContainer-sc-a39ffd1b-0 PAtFH"
              data-cell-type="monthCell"
              data-value="Tue, 01 Oct 2024 09:00:00 GMT"
            >
              <div
                class="DefaultCell__LeftHalf-sc-a39ffd1b-1 heavWc"
              />
              <div
                class="DefaultCell__RightHalf-sc-a39ffd1b-2 hMKzer"
              />
              <div
                class="DefaultCell__Cell-sc-a39ffd1b-3 iXAtef"
              >
                Октябрь
              </div>
            </div>
            <div
              class="DefaultCell__CellContainer-sc-a39ffd1b-0 PAtFH"
              data-cell-type="monthCell"
              data-value="Fri, 01 Nov 2024 09:00:00 GMT"
            >
              <div
                class="DefaultCell__LeftHalf-sc-a39ffd1b-1 heavWc"
              />
              <div
                class="DefaultCell__RightHalf-sc-a39ffd1b-2 hMKzer"
              />
              <div
                class="DefaultCell__Cell-sc-a39ffd1b-3 iXAtef"
              >
                Ноябрь
              </div>
            </div>
            <div
              class="DefaultCell__CellContainer-sc-a39ffd1b-0 PAtFH"
              data-cell-type="monthCell"
              data-value="Sun, 01 Dec 2024 09:00:00 GMT"
            >
              <div
                class="DefaultCell__LeftHalf-sc-a39ffd1b-1 heavWc"
              />
              <div
                class="DefaultCell__RightHalf-sc-a39ffd1b-2 hMKzer"
              />
              <div
                class="DefaultCell__Cell-sc-a39ffd1b-3 iXAtef"
              >
                Декабрь
              </div>
            </div>
          </div>
        </div>
        <div
          class="YearsOfTwentyYearsWidget__YearsOfYearWrapper-sc-d2f11055-0 ibVTyu calendarStyle__YearCalendarView-sc-134889c1-9 fTkbrU"
          data-container-type="yearsOfYearWrapper"
        >
          <div
            class="Years__YearsWrapper-sc-9312f405-0 pDGjJ"
            data-container-type="yearsWrapper"
          >
            <div
              class="DefaultCell__CellContainer-sc-a39ffd1b-0 diUBlR"
              data-cell-type="yearCell"
              data-value="Fri, 01 Jan 2021 09:00:00 GMT"
            >
              <div
                class="DefaultCell__LeftHalf-sc-a39ffd1b-1 heavWc"
              />
              <div
                class="DefaultCell__RightHalf-sc-a39ffd1b-2 hMKzer"
              />
              <div
                class="DefaultCell__Cell-sc-a39ffd1b-3 iXAtef"
              >
                2021
              </div>
            </div>
            <div
              class="DefaultCell__CellContainer-sc-a39ffd1b-0 diUBlR"
              data-cell-type="yearCell"
              data-value="Sat, 01 Jan 2022 09:00:00 GMT"
            >
              <div
                class="DefaultCell__LeftHalf-sc-a39ffd1b-1 heavWc"
              />
              <div
                class="DefaultCell__RightHalf-sc-a39ffd1b-2 hMKzer"
              />
              <div
                class="DefaultCell__Cell-sc-a39ffd1b-3 iXAtef"
              >
                2022
              </div>
            </div>
            <div
              class="DefaultCell__CellContainer-sc-a39ffd1b-0 diUBlR"
              data-cell-type="yearCell"
              data-value="Sun, 01 Jan 2023 09:00:00 GMT"
            >
              <div
                class="DefaultCell__LeftHalf-sc-a39ffd1b-1 heavWc"
              />
              <div
                class="DefaultCell__RightHalf-sc-a39ffd1b-2 hMKzer"
              />
              <div
                class="DefaultCell__Cell-sc-a39ffd1b-3 iXAtef"
              >
                2023
              </div>
            </div>
            <div
              class="DefaultCell__CellContainer-sc-a39ffd1b-0 diUBlR"
              data-cell-type="yearCell"
              data-is-current-year="true"
              data-value="Mon, 01 Jan 2024 09:00:00 GMT"
            >
              <div
                class="DefaultCell__LeftHalf-sc-a39ffd1b-1 heavWc"
              />
              <div
                class="DefaultCell__RightHalf-sc-a39ffd1b-2 hMKzer"
              />
              <div
                class="DefaultCell__Cell-sc-a39ffd1b-3 hUwjxx"
              >
                2024
              </div>
            </div>
            <div
              class="DefaultCell__CellContainer-sc-a39ffd1b-0 diUBlR"
              data-cell-type="yearCell"
              data-value="Wed, 01 Jan 2025 09:00:00 GMT"
            >
              <div
                class="DefaultCell__LeftHalf-sc-a39ffd1b-1 heavWc"
              />
              <div
                class="DefaultCell__RightHalf-sc-a39ffd1b-2 hMKzer"
              />
              <div
                class="DefaultCell__Cell-sc-a39ffd1b-3 iXAtef"
              >
                2025
              </div>
            </div>
            <div
              class="DefaultCell__CellContainer-sc-a39ffd1b-0 diUBlR"
              data-cell-type="yearCell"
              data-value="Thu, 01 Jan 2026 09:00:00 GMT"
            >
              <div
                class="DefaultCell__LeftHalf-sc-a39ffd1b-1 heavWc"
              />
              <div
                class="DefaultCell__RightHalf-sc-a39ffd1b-2 hMKzer"
              />
              <div
                class="DefaultCell__Cell-sc-a39ffd1b-3 iXAtef"
              >
                2026
              </div>
            </div>
            <div
              class="DefaultCell__CellContainer-sc-a39ffd1b-0 diUBlR"
              data-cell-type="yearCell"
              data-value="Fri, 01 Jan 2027 09:00:00 GMT"
            >
              <div
                class="DefaultCell__LeftHalf-sc-a39ffd1b-1 heavWc"
              />
              <div
                class="DefaultCell__RightHalf-sc-a39ffd1b-2 hMKzer"
              />
              <div
                class="DefaultCell__Cell-sc-a39ffd1b-3 iXAtef"
              >
                2027
              </div>
            </div>
            <div
              class="DefaultCell__CellContainer-sc-a39ffd1b-0 diUBlR"
              data-cell-type="yearCell"
              data-value="Sat, 01 Jan 2028 09:00:00 GMT"
            >
              <div
                class="DefaultCell__LeftHalf-sc-a39ffd1b-1 heavWc"
              />
              <div
                class="DefaultCell__RightHalf-sc-a39ffd1b-2 hMKzer"
              />
              <div
                class="DefaultCell__Cell-sc-a39ffd1b-3 iXAtef"
              >
                2028
              </div>
            </div>
            <div
              class="DefaultCell__CellContainer-sc-a39ffd1b-0 diUBlR"
              data-cell-type="yearCell"
              data-value="Mon, 01 Jan 2029 09:00:00 GMT"
            >
              <div
                class="DefaultCell__LeftHalf-sc-a39ffd1b-1 heavWc"
              />
              <div
                class="DefaultCell__RightHalf-sc-a39ffd1b-2 hMKzer"
              />
              <div
                class="DefaultCell__Cell-sc-a39ffd1b-3 iXAtef"
              >
                2029
              </div>
            </div>
            <div
              class="DefaultCell__CellContainer-sc-a39ffd1b-0 diUBlR"
              data-cell-type="yearCell"
              data-value="Tue, 01 Jan 2030 09:00:00 GMT"
            >
              <div
                class="DefaultCell__LeftHalf-sc-a39ffd1b-1 heavWc"
              />
              <div
                class="DefaultCell__RightHalf-sc-a39ffd1b-2 hMKzer"
              />
              <div
                class="DefaultCell__Cell-sc-a39ffd1b-3 iXAtef"
              >
                2030
              </div>
            </div>
            <div
              class="DefaultCell__CellContainer-sc-a39ffd1b-0 diUBlR"
              data-cell-type="yearCell"
              data-value="Wed, 01 Jan 2031 09:00:00 GMT"
            >
              <div
                class="DefaultCell__LeftHalf-sc-a39ffd1b-1 heavWc"
              />
              <div
                class="DefaultCell__RightHalf-sc-a39ffd1b-2 hMKzer"
              />
              <div
                class="DefaultCell__Cell-sc-a39ffd1b-3 iXAtef"
              >
                2031
              </div>
            </div>
            <div
              class="DefaultCell__CellContainer-sc-a39ffd1b-0 diUBlR"
              data-cell-type="yearCell"
              data-value="Thu, 01 Jan 2032 09:00:00 GMT"
            >
              <div
                class="DefaultCell__LeftHalf-sc-a39ffd1b-1 heavWc"
              />
              <div
                class="DefaultCell__RightHalf-sc-a39ffd1b-2 hMKzer"
              />
              <div
                class="DefaultCell__Cell-sc-a39ffd1b-3 iXAtef"
              >
                2032
              </div>
            </div>
            <div
              class="DefaultCell__CellContainer-sc-a39ffd1b-0 diUBlR"
              data-cell-type="yearCell"
              data-value="Sat, 01 Jan 2033 09:00:00 GMT"
            >
              <div
                class="DefaultCell__LeftHalf-sc-a39ffd1b-1 heavWc"
              />
              <div
                class="DefaultCell__RightHalf-sc-a39ffd1b-2 hMKzer"
              />
              <div
                class="DefaultCell__Cell-sc-a39ffd1b-3 iXAtef"
              >
                2033
              </div>
            </div>
            <div
              class="DefaultCell__CellContainer-sc-a39ffd1b-0 diUBlR"
              data-cell-type="yearCell"
              data-value="Sun, 01 Jan 2034 09:00:00 GMT"
            >
              <div
                class="DefaultCell__LeftHalf-sc-a39ffd1b-1 heavWc"
              />
              <div
                class="DefaultCell__RightHalf-sc-a39ffd1b-2 hMKzer"
              />
              <div
                class="DefaultCell__Cell-sc-a39ffd1b-3 iXAtef"
              >
                2034
              </div>
            </div>
            <div
              class="DefaultCell__CellContainer-sc-a39ffd1b-0 diUBlR"
              data-cell-type="yearCell"
              data-value="Mon, 01 Jan 2035 09:00:00 GMT"
            >
              <div
                class="DefaultCell__LeftHalf-sc-a39ffd1b-1 heavWc"
              />
              <div
                class="DefaultCell__RightHalf-sc-a39ffd1b-2 hMKzer"
              />
              <div
                class="DefaultCell__Cell-sc-a39ffd1b-3 iXAtef"
              >
                2035
              </div>
            </div>
            <div
              class="DefaultCell__CellContainer-sc-a39ffd1b-0 diUBlR"
              data-cell-type="yearCell"
              data-value="Tue, 01 Jan 2036 09:00:00 GMT"
            >
              <div
                class="DefaultCell__LeftHalf-sc-a39ffd1b-1 heavWc"
              />
              <div
                class="DefaultCell__RightHalf-sc-a39ffd1b-2 hMKzer"
              />
              <div
                class="DefaultCell__Cell-sc-a39ffd1b-3 iXAtef"
              >
                2036
              </div>
            </div>
            <div
              class="DefaultCell__CellContainer-sc-a39ffd1b-0 diUBlR"
              data-cell-type="yearCell"
              data-value="Thu, 01 Jan 2037 09:00:00 GMT"
            >
              <div
                class="DefaultCell__LeftHalf-sc-a39ffd1b-1 heavWc"
              />
              <div
                class="DefaultCell__RightHalf-sc-a39ffd1b-2 hMKzer"
              />
              <div
                class="DefaultCell__Cell-sc-a39ffd1b-3 iXAtef"
              >
                2037
              </div>
            </div>
            <div
              class="DefaultCell__CellContainer-sc-a39ffd1b-0 diUBlR"
              data-cell-type="yearCell"
              data-value="Fri, 01 Jan 2038 09:00:00 GMT"
            >
              <div
                class="DefaultCell__LeftHalf-sc-a39ffd1b-1 heavWc"
              />
              <div
                class="DefaultCell__RightHalf-sc-a39ffd1b-2 hMKzer"
              />
              <div
                class="DefaultCell__Cell-sc-a39ffd1b-3 iXAtef"
              >
                2038
              </div>
            </div>
            <div
              class="DefaultCell__CellContainer-sc-a39ffd1b-0 diUBlR"
              data-cell-type="yearCell"
              data-value="Sat, 01 Jan 2039 09:00:00 GMT"
            >
              <div
                class="DefaultCell__LeftHalf-sc-a39ffd1b-1 heavWc"
              />
              <div
                class="DefaultCell__RightHalf-sc-a39ffd1b-2 hMKzer"
              />
              <div
                class="DefaultCell__Cell-sc-a39ffd1b-3 iXAtef"
              >
                2039
              </div>
            </div>
            <div
              class="DefaultCell__CellContainer-sc-a39ffd1b-0 diUBlR"
              data-cell-type="yearCell"
              data-value="Sun, 01 Jan 2040 09:00:00 GMT"
            >
              <div
                class="DefaultCell__LeftHalf-sc-a39ffd1b-1 heavWc"
              />
              <div
                class="DefaultCell__RightHalf-sc-a39ffd1b-2 hMKzer"
              />
              <div
                class="DefaultCell__Cell-sc-a39ffd1b-3 iXAtef"
              >
                2040
              </div>
            </div>
          </div>
        </div>
      </div>
    </div>
  </div>
</div>
`;
